Archive member included to satisfy reference by file (symbol)

/usr/bin/../lib/gcc/arm-none-eabi/5.3.1/armv6-m/libgcc.a(_thumb1_case_uqi.o)
                              _build/qrinput.o (__gnu_thumb1_case_uqi)
/usr/bin/../lib/gcc/arm-none-eabi/5.3.1/armv6-m/libgcc.a(_thumb1_case_uhi.o)
                              _build/qrinput.o (__gnu_thumb1_case_uhi)
/usr/bin/../lib/gcc/arm-none-eabi/5.3.1/armv6-m/libgcc.a(_divsi3.o)
                              _build/mask.o (__aeabi_idiv)
/usr/bin/../lib/gcc/arm-none-eabi/5.3.1/armv6-m/libgcc.a(_dvmd_tls.o)
                              /usr/bin/../lib/gcc/arm-none-eabi/5.3.1/armv6-m/libgcc.a(_divsi3.o) (__aeabi_idiv0)
/usr/bin/../lib/gcc/arm-none-eabi/5.3.1/../../../../arm-none-eabi/lib/armv6-m/libc_nano.a(lib_a-calloc.o)
                              _build/qrencode.o (calloc)
/usr/bin/../lib/gcc/arm-none-eabi/5.3.1/../../../../arm-none-eabi/lib/armv6-m/libc_nano.a(lib_a-errno.o)
                              _build/split.o (__errno)
/usr/bin/../lib/gcc/arm-none-eabi/5.3.1/../../../../arm-none-eabi/lib/armv6-m/libc_nano.a(lib_a-exit.o)
                              /usr/bin/../lib/gcc/arm-none-eabi/5.3.1/../../../../arm-none-eabi/lib/armv6-m/crt0.o (exit)
/usr/bin/../lib/gcc/arm-none-eabi/5.3.1/../../../../arm-none-eabi/lib/armv6-m/libc_nano.a(lib_a-impure.o)
                              /usr/bin/../lib/gcc/arm-none-eabi/5.3.1/../../../../arm-none-eabi/lib/armv6-m/libc_nano.a(lib_a-exit.o) (_global_impure_ptr)
/usr/bin/../lib/gcc/arm-none-eabi/5.3.1/../../../../arm-none-eabi/lib/armv6-m/libc_nano.a(lib_a-init.o)
                              /usr/bin/../lib/gcc/arm-none-eabi/5.3.1/../../../../arm-none-eabi/lib/armv6-m/crt0.o (__libc_init_array)
/usr/bin/../lib/gcc/arm-none-eabi/5.3.1/../../../../arm-none-eabi/lib/armv6-m/libc_nano.a(lib_a-malloc.o)
                              _build/split.o (malloc)
/usr/bin/../lib/gcc/arm-none-eabi/5.3.1/../../../../arm-none-eabi/lib/armv6-m/libc_nano.a(lib_a-memcpy-stub.o)
                              _build/split.o (memcpy)
/usr/bin/../lib/gcc/arm-none-eabi/5.3.1/../../../../arm-none-eabi/lib/armv6-m/libc_nano.a(lib_a-memmove.o)
                              _build/rsecc.o (memmove)
/usr/bin/../lib/gcc/arm-none-eabi/5.3.1/../../../../arm-none-eabi/lib/armv6-m/libc_nano.a(lib_a-memset.o)
                              /usr/bin/../lib/gcc/arm-none-eabi/5.3.1/../../../../arm-none-eabi/lib/armv6-m/crt0.o (memset)
/usr/bin/../lib/gcc/arm-none-eabi/5.3.1/../../../../arm-none-eabi/lib/armv6-m/libc_nano.a(lib_a-nano-callocr.o)
                              /usr/bin/../lib/gcc/arm-none-eabi/5.3.1/../../../../arm-none-eabi/lib/armv6-m/libc_nano.a(lib_a-calloc.o) (_calloc_r)
/usr/bin/../lib/gcc/arm-none-eabi/5.3.1/../../../../arm-none-eabi/lib/armv6-m/libc_nano.a(lib_a-nano-freer.o)
                              /usr/bin/../lib/gcc/arm-none-eabi/5.3.1/../../../../arm-none-eabi/lib/armv6-m/libc_nano.a(lib_a-malloc.o) (_free_r)
/usr/bin/../lib/gcc/arm-none-eabi/5.3.1/../../../../arm-none-eabi/lib/armv6-m/libc_nano.a(lib_a-nano-mallocr.o)
                              /usr/bin/../lib/gcc/arm-none-eabi/5.3.1/../../../../arm-none-eabi/lib/armv6-m/libc_nano.a(lib_a-malloc.o) (_malloc_r)
/usr/bin/../lib/gcc/arm-none-eabi/5.3.1/../../../../arm-none-eabi/lib/armv6-m/libc_nano.a(lib_a-realloc.o)
                              _build/bitstream.o (realloc)
/usr/bin/../lib/gcc/arm-none-eabi/5.3.1/../../../../arm-none-eabi/lib/armv6-m/libc_nano.a(lib_a-sbrkr.o)
                              /usr/bin/../lib/gcc/arm-none-eabi/5.3.1/../../../../arm-none-eabi/lib/armv6-m/libc_nano.a(lib_a-nano-mallocr.o) (_sbrk_r)
/usr/bin/../lib/gcc/arm-none-eabi/5.3.1/../../../../arm-none-eabi/lib/armv6-m/libc_nano.a(lib_a-strlen.o)
                              _build/split.o (strlen)
/usr/bin/../lib/gcc/arm-none-eabi/5.3.1/../../../../arm-none-eabi/lib/armv6-m/libc_nano.a(lib_a-nano-reallocr.o)
                              /usr/bin/../lib/gcc/arm-none-eabi/5.3.1/../../../../arm-none-eabi/lib/armv6-m/libc_nano.a(lib_a-realloc.o) (_realloc_r)
/usr/bin/../lib/gcc/arm-none-eabi/5.3.1/../../../../arm-none-eabi/lib/armv6-m/libc_nano.a(lib_a-reent.o)
                              /usr/bin/../lib/gcc/arm-none-eabi/5.3.1/../../../../arm-none-eabi/lib/armv6-m/libc_nano.a(lib_a-sbrkr.o) (errno)
/usr/bin/../lib/gcc/arm-none-eabi/5.3.1/../../../../arm-none-eabi/lib/armv6-m/libc_nano.a(lib_a-nano-msizer.o)
                              /usr/bin/../lib/gcc/arm-none-eabi/5.3.1/../../../../arm-none-eabi/lib/armv6-m/libc_nano.a(lib_a-nano-reallocr.o) (_malloc_usable_size_r)
/usr/bin/../lib/gcc/arm-none-eabi/5.3.1/../../../../arm-none-eabi/lib/armv6-m/libnosys.a(sbrk.o)
                              /usr/bin/../lib/gcc/arm-none-eabi/5.3.1/../../../../arm-none-eabi/lib/armv6-m/libc_nano.a(lib_a-sbrkr.o) (_sbrk)
/usr/bin/../lib/gcc/arm-none-eabi/5.3.1/../../../../arm-none-eabi/lib/armv6-m/libnosys.a(_exit.o)
                              /usr/bin/../lib/gcc/arm-none-eabi/5.3.1/../../../../arm-none-eabi/lib/armv6-m/libc_nano.a(lib_a-exit.o) (_exit)

Allocating common symbols
Common symbol       size              file

nrf_nvic_state      0x8               _build/softdevice_handler.o
errno               0x4               /usr/bin/../lib/gcc/arm-none-eabi/5.3.1/../../../../arm-none-eabi/lib/armv6-m/libc_nano.a(lib_a-reent.o)
m_adv_params        0x18              _build/simple_ble.o
app                 0x2               _build/simple_ble.o

Discarded input sections

 .text          0x0000000000000000        0x0 /usr/bin/../lib/gcc/arm-none-eabi/5.3.1/armv6-m/crti.o
 .data          0x0000000000000000        0x0 /usr/bin/../lib/gcc/arm-none-eabi/5.3.1/armv6-m/crti.o
 .bss           0x0000000000000000        0x0 /usr/bin/../lib/gcc/arm-none-eabi/5.3.1/armv6-m/crti.o
 .text          0x0000000000000000       0x60 /usr/bin/../lib/gcc/arm-none-eabi/5.3.1/armv6-m/crtbegin.o
 .data          0x0000000000000000        0x4 /usr/bin/../lib/gcc/arm-none-eabi/5.3.1/armv6-m/crtbegin.o
 .bss           0x0000000000000000       0x1c /usr/bin/../lib/gcc/arm-none-eabi/5.3.1/armv6-m/crtbegin.o
 .init_array    0x0000000000000000        0x4 /usr/bin/../lib/gcc/arm-none-eabi/5.3.1/armv6-m/crtbegin.o
 .fini_array    0x0000000000000000        0x4 /usr/bin/../lib/gcc/arm-none-eabi/5.3.1/armv6-m/crtbegin.o
 .jcr           0x0000000000000000        0x0 /usr/bin/../lib/gcc/arm-none-eabi/5.3.1/armv6-m/crtbegin.o
 .data          0x0000000000000000        0x0 /usr/bin/../lib/gcc/arm-none-eabi/5.3.1/../../../../arm-none-eabi/lib/armv6-m/crt0.o
 .bss           0x0000000000000000        0x0 /usr/bin/../lib/gcc/arm-none-eabi/5.3.1/../../../../arm-none-eabi/lib/armv6-m/crt0.o
 .ARM.extab     0x0000000000000000        0x0 /usr/bin/../lib/gcc/arm-none-eabi/5.3.1/../../../../arm-none-eabi/lib/armv6-m/crt0.o
 .data          0x0000000000000000        0x0 _build/startup_nrf51.os
 .bss           0x0000000000000000        0x0 _build/startup_nrf51.os
 .text          0x0000000000000000        0x0 _build/system_nrf51.o
 .data          0x0000000000000000        0x0 _build/system_nrf51.o
 .bss           0x0000000000000000        0x0 _build/system_nrf51.o
 .text.SystemCoreClockUpdate
                0x0000000000000000       0x10 _build/system_nrf51.o
 .data.SystemCoreClock
                0x0000000000000000        0x4 _build/system_nrf51.o
 .text          0x0000000000000000        0x0 _build/split.o
 .data          0x0000000000000000        0x0 _build/split.o
 .bss           0x0000000000000000        0x0 _build/split.o
 .text.Split_identifyMode
                0x0000000000000000       0x6c _build/split.o
 .text.Split_eat8
                0x0000000000000000       0xfc _build/split.o
 .text.Split_eatAn
                0x0000000000000000       0xec _build/split.o
 .text.Split_splitString
                0x0000000000000000       0xf0 _build/split.o
 .text.strdup   0x0000000000000000       0x1e _build/split.o
 .text.Split_splitStringToQRinput
                0x0000000000000000       0x74 _build/split.o
 .comment       0x0000000000000000       0x6f _build/split.o
 .ARM.attributes
                0x0000000000000000       0x31 _build/split.o
 .text          0x0000000000000000        0x0 _build/mask.o
 .data          0x0000000000000000        0x0 _build/mask.o
 .bss           0x0000000000000000        0x0 _build/mask.o
 .text          0x0000000000000000        0x0 _build/qrspec.o
 .data          0x0000000000000000        0x0 _build/qrspec.o
 .bss           0x0000000000000000        0x0 _build/qrspec.o
 .text.QRspec_getECCLength
                0x0000000000000000       0x18 _build/qrspec.o
 .text          0x0000000000000000        0x0 _build/qrencode.o
 .data          0x0000000000000000        0x0 _build/qrencode.o
 .bss           0x0000000000000000        0x0 _build/qrencode.o
 .text.QRcode_free
                0x0000000000000000       0x14 _build/qrencode.o
 .text.QRcode_encodeStringReal
                0x0000000000000000       0x6c _build/qrencode.o
 .text.QRcode_encodeString
                0x0000000000000000       0x10 _build/qrencode.o
 .text.QRcode_encodeStringMQR
                0x0000000000000000       0x10 _build/qrencode.o
 .text.QRcode_encodeData
                0x0000000000000000       0x12 _build/qrencode.o
 .text.QRcode_encodeDataMQR
                0x0000000000000000       0x12 _build/qrencode.o
 .text.QRcode_encodeString8bitMQR
                0x0000000000000000       0x2e _build/qrencode.o
 .text.QRcode_List_free
                0x0000000000000000       0x1c _build/qrencode.o
 .text.QRcode_List_size
                0x0000000000000000       0x10 _build/qrencode.o
 .text.QRcode_encodeInputStructured
                0x0000000000000000       0x54 _build/qrencode.o
 .text.QRcode_encodeInputToStructured
                0x0000000000000000       0x1a _build/qrencode.o
 .text.QRcode_encodeDataStructured
                0x0000000000000000       0x4a _build/qrencode.o
 .text.QRcode_encodeString8bitStructured
                0x0000000000000000       0x28 _build/qrencode.o
 .text.QRcode_encodeStringStructured
                0x0000000000000000       0x62 _build/qrencode.o
 .text          0x0000000000000000        0x0 _build/mmask.o
 .data          0x0000000000000000        0x0 _build/mmask.o
 .bss           0x0000000000000000        0x0 _build/mmask.o
 .text          0x0000000000000000        0x0 _build/main.o
 .data          0x0000000000000000        0x0 _build/main.o
 .bss           0x0000000000000000        0x0 _build/main.o
 .bss.second    0x0000000000000000        0x1 _build/main.o
 .text          0x0000000000000000        0x0 _build/mqrspec.o
 .data          0x0000000000000000        0x0 _build/mqrspec.o
 .bss           0x0000000000000000        0x0 _build/mqrspec.o
 .text.MQRspec_maximumWords
                0x0000000000000000       0x20 _build/mqrspec.o
 .text          0x0000000000000000        0x0 _build/qrinput.o
 .data          0x0000000000000000        0x0 _build/qrinput.o
 .bss           0x0000000000000000        0x0 _build/qrinput.o
 .text.QRinput_calcParity.isra.0
                0x0000000000000000       0x26 _build/qrinput.o
 .text.QRinput_new
                0x0000000000000000        0xc _build/qrinput.o
 .text.QRinput_getVersion
                0x0000000000000000        0x4 _build/qrinput.o
 .text.QRinput_getErrorCorrectionLevel
                0x0000000000000000        0x4 _build/qrinput.o
 .text.QRinput_setErrorCorrectionLevel
                0x0000000000000000       0x1e _build/qrinput.o
 .text.QRinput_setVersionAndErrorCorrectionLevel
                0x0000000000000000       0x3e _build/qrinput.o
 .text.QRinput_dup
                0x0000000000000000       0x7a _build/qrinput.o
 .text.QRinput_estimateBitsMode8
                0x0000000000000000        0x4 _build/qrinput.o
 .text.QRinput_estimateBitsModeKanji
                0x0000000000000000        0xc _build/qrinput.o
 .text.QRinput_appendECIheader
                0x0000000000000000       0x34 _build/qrinput.o
 .text.QRinput_insertStructuredAppendHeader
                0x0000000000000000       0x40 _build/qrinput.o
 .text.QRinput_lengthOfCode
                0x0000000000000000       0x90 _build/qrinput.o
 .text.QRinput_Struct_new
                0x0000000000000000       0x1c _build/qrinput.o
 .text.QRinput_Struct_setParity
                0x0000000000000000        0x4 _build/qrinput.o
 .text.QRinput_Struct_appendInput
                0x0000000000000000       0x40 _build/qrinput.o
 .text.QRinput_Struct_free
                0x0000000000000000       0x26 _build/qrinput.o
 .text.QRinput_splitEntry
                0x0000000000000000       0x50 _build/qrinput.o
 .text.QRinput_Struct_insertStructuredAppendHeaders
                0x0000000000000000       0x52 _build/qrinput.o
 .text.QRinput_splitQRinputToStruct
                0x0000000000000000      0x162 _build/qrinput.o
 .text.QRinput_setFNC1First
                0x0000000000000000       0x1c _build/qrinput.o
 .text.QRinput_setFNC1Second
                0x0000000000000000       0x1e _build/qrinput.o
 .text          0x0000000000000000        0x0 _build/writetext.o
 .data          0x0000000000000000        0x0 _build/writetext.o
 .bss           0x0000000000000000        0x0 _build/writetext.o
 .comment       0x0000000000000000       0x6f _build/writetext.o
 .ARM.attributes
                0x0000000000000000       0x31 _build/writetext.o
 .text          0x0000000000000000        0x0 _build/bitstream.o
 .data          0x0000000000000000        0x0 _build/bitstream.o
 .bss           0x0000000000000000        0x0 _build/bitstream.o
 .text.BitStream_append
                0x0000000000000000       0x42 _build/bitstream.o
 .text          0x0000000000000000        0x0 _build/rsecc.o
 .data          0x0000000000000000        0x0 _build/rsecc.o
 .bss           0x0000000000000000        0x0 _build/rsecc.o
 .text          0x0000000000000000        0x0 _build/softdevice_handler.o
 .data          0x0000000000000000        0x0 _build/softdevice_handler.o
 .bss           0x0000000000000000        0x0 _build/softdevice_handler.o
 .text.sd_softdevice_disable
                0x0000000000000000        0x4 _build/softdevice_handler.o
 .text.softdevice_handler_isEnabled
                0x0000000000000000        0xc _build/softdevice_handler.o
 .text.softdevice_handler_sd_disable
                0x0000000000000000       0x18 _build/softdevice_handler.o
 .text          0x0000000000000000        0x0 _build/ble_advdata.o
 .data          0x0000000000000000        0x0 _build/ble_advdata.o
 .bss           0x0000000000000000        0x0 _build/ble_advdata.o
 .text          0x0000000000000000        0x0 _build/ble_conn_params.o
 .data          0x0000000000000000        0x0 _build/ble_conn_params.o
 .bss           0x0000000000000000        0x0 _build/ble_conn_params.o
 .text.ble_conn_params_stop
                0x0000000000000000       0x10 _build/ble_conn_params.o
 .text.ble_conn_params_change_conn_params
                0x0000000000000000       0x6c _build/ble_conn_params.o
 .text          0x0000000000000000        0x0 _build/app_timer.o
 .data          0x0000000000000000        0x0 _build/app_timer.o
 .bss           0x0000000000000000        0x0 _build/app_timer.o
 .text.app_timer_stop_all
                0x0000000000000000       0x48 _build/app_timer.o
 .text.app_timer_cnt_get
                0x0000000000000000       0x14 _build/app_timer.o
 .text.app_timer_cnt_diff_compute
                0x0000000000000000        0xc _build/app_timer.o
 .text          0x0000000000000000        0x0 _build/app_error.o
 .data          0x0000000000000000        0x0 _build/app_error.o
 .bss           0x0000000000000000        0x0 _build/app_error.o
 .text.app_error_handler
                0x0000000000000000       0x1c _build/app_error.o
 .text.app_error_save_and_stop
                0x0000000000000000       0x58 _build/app_error.o
 .bss.m_error_data.6197
                0x0000000000000000       0x20 _build/app_error.o
 .text          0x0000000000000000        0x0 _build/app_gpiote.o
 .data          0x0000000000000000        0x0 _build/app_gpiote.o
 .bss           0x0000000000000000        0x0 _build/app_gpiote.o
 .text.gpiote_handler
                0x0000000000000000       0x70 _build/app_gpiote.o
 .text.user_enable.part.0
                0x0000000000000000       0x74 _build/app_gpiote.o
 .text.app_gpiote_init
                0x0000000000000000       0x50 _build/app_gpiote.o
 .text.app_gpiote_user_register
                0x0000000000000000       0x9c _build/app_gpiote.o
 .text.app_gpiote_user_enable
                0x0000000000000000       0x40 _build/app_gpiote.o
 .text.app_gpiote_user_disable
                0x0000000000000000       0x3c _build/app_gpiote.o
 .text.app_gpiote_pins_state_get
                0x0000000000000000       0x38 _build/app_gpiote.o
 .bss.m_user_count
                0x0000000000000000        0x1 _build/app_gpiote.o
 .bss.m_user_array_size
                0x0000000000000000        0x1 _build/app_gpiote.o
 .bss.mp_users  0x0000000000000000        0x4 _build/app_gpiote.o
 .bss.m_pins    0x0000000000000000        0x4 _build/app_gpiote.o
 .bss.m_last_pins_state
                0x0000000000000000        0x4 _build/app_gpiote.o
 .comment       0x0000000000000000       0x6f _build/app_gpiote.o
 .ARM.attributes
                0x0000000000000000       0x31 _build/app_gpiote.o
 .text          0x0000000000000000        0x0 _build/led.o
 .data          0x0000000000000000        0x0 _build/led.o
 .bss           0x0000000000000000        0x0 _build/led.o
 .text.led_toggle
                0x0000000000000000       0x2c _build/led.o
 .text          0x0000000000000000        0x0 _build/simple_ble.o
 .data          0x0000000000000000        0x0 _build/simple_ble.o
 .bss           0x0000000000000000        0x0 _build/simple_ble.o
 .text.sd_ble_gap_scan_start
                0x0000000000000000        0x4 _build/simple_ble.o
 .text.sd_ble_gap_scan_stop
                0x0000000000000000        0x4 _build/simple_ble.o
 .text.sd_ble_gatts_value_set
                0x0000000000000000        0x4 _build/simple_ble.o
 .text.sd_ble_gatts_value_get
                0x0000000000000000        0x4 _build/simple_ble.o
 .text.sd_ble_gatts_hvx
                0x0000000000000000        0x4 _build/simple_ble.o
 .text.sd_ble_gatts_rw_authorize_reply
                0x0000000000000000        0x4 _build/simple_ble.o
 .text.sd_app_evt_wait
                0x0000000000000000        0x4 _build/simple_ble.o
 .text.assert_nrf_callback
                0x0000000000000000       0x14 _build/simple_ble.o
 .text.services_init
                0x0000000000000000        0x2 _build/simple_ble.o
 .text.power_manage
                0x0000000000000000       0x10 _build/simple_ble.o
 .text.simple_ble_update_char_len
                0x0000000000000000       0x20 _build/simple_ble.o
 .text.simple_ble_notify_char
                0x0000000000000000       0x40 _build/simple_ble.o
 .text.simple_ble_add_auth_characteristic
                0x0000000000000000       0xea _build/simple_ble.o
 .text.simple_ble_is_read_auth_event
                0x0000000000000000       0x18 _build/simple_ble.o
 .text.simple_ble_is_write_auth_event
                0x0000000000000000       0x18 _build/simple_ble.o
 .text.simple_ble_grant_auth
                0x0000000000000000       0x30 _build/simple_ble.o
 .text.simple_ble_add_stack_characteristic
                0x0000000000000000       0xc6 _build/simple_ble.o
 .text.simple_ble_stack_char_get
                0x0000000000000000       0x40 _build/simple_ble.o
 .text.simple_ble_stack_char_set
                0x0000000000000000       0x20 _build/simple_ble.o
 .text.simple_ble_scan_start
                0x0000000000000000       0x20 _build/simple_ble.o
 .text.parse_adata
                0x0000000000000000       0x38 _build/simple_ble.o
 .rodata.m_scan_param
                0x0000000000000000       0x10 _build/simple_ble.o
 .text          0x0000000000000000        0x0 _build/simple_adv.o
 .data          0x0000000000000000        0x0 _build/simple_adv.o
 .bss           0x0000000000000000        0x0 _build/simple_adv.o
 .text.simple_adv_service
                0x0000000000000000        0xe _build/simple_adv.o
 .text.simple_adv_manuf_data
                0x0000000000000000        0xe _build/simple_adv.o
 .text.simple_adv_service_manuf_data
                0x0000000000000000        0xe _build/simple_adv.o
 .text          0x0000000000000000        0x0 _build/nrf_drv_spi.o
 .data          0x0000000000000000        0x0 _build/nrf_drv_spi.o
 .bss           0x0000000000000000        0x0 _build/nrf_drv_spi.o
 .text.nrf_drv_spi_uninit
                0x0000000000000000       0x44 _build/nrf_drv_spi.o
 .text          0x0000000000000000        0x0 _build/nrf_drv_common.o
 .data          0x0000000000000000        0x0 _build/nrf_drv_common.o
 .bss           0x0000000000000000        0x0 _build/nrf_drv_common.o
 .text          0x0000000000000000        0x0 _build/nrf_drv_gpiote.o
 .data          0x0000000000000000        0x0 _build/nrf_drv_gpiote.o
 .bss           0x0000000000000000        0x0 _build/nrf_drv_gpiote.o
 .text.channel_free
                0x0000000000000000       0x1c _build/nrf_drv_gpiote.o
 .text.nrf_drv_gpiote_init
                0x0000000000000000       0x54 _build/nrf_drv_gpiote.o
 .text.nrf_drv_gpiote_is_init
                0x0000000000000000       0x14 _build/nrf_drv_gpiote.o
 .text.nrf_drv_gpiote_out_init
                0x0000000000000000       0xa8 _build/nrf_drv_gpiote.o
 .text.nrf_drv_gpiote_out_uninit
                0x0000000000000000       0x40 _build/nrf_drv_gpiote.o
 .text.nrf_drv_gpiote_out_set
                0x0000000000000000       0x10 _build/nrf_drv_gpiote.o
 .text.nrf_drv_gpiote_out_clear
                0x0000000000000000       0x14 _build/nrf_drv_gpiote.o
 .text.nrf_drv_gpiote_out_toggle
                0x0000000000000000       0x2c _build/nrf_drv_gpiote.o
 .text.nrf_drv_gpiote_out_task_enable
                0x0000000000000000       0x38 _build/nrf_drv_gpiote.o
 .text.nrf_drv_gpiote_out_task_disable
                0x0000000000000000       0x24 _build/nrf_drv_gpiote.o
 .text.nrf_drv_gpiote_out_task_addr_get
                0x0000000000000000       0x1c _build/nrf_drv_gpiote.o
 .text.nrf_drv_gpiote_out_task_force
                0x0000000000000000       0x38 _build/nrf_drv_gpiote.o
 .text.nrf_drv_gpiote_out_task_trigger
                0x0000000000000000       0x20 _build/nrf_drv_gpiote.o
 .text.nrf_drv_gpiote_in_init
                0x0000000000000000       0xd0 _build/nrf_drv_gpiote.o
 .text.nrf_drv_gpiote_in_event_enable
                0x0000000000000000       0x88 _build/nrf_drv_gpiote.o
 .text.nrf_drv_gpiote_in_event_disable
                0x0000000000000000       0x44 _build/nrf_drv_gpiote.o
 .text.nrf_drv_gpiote_in_uninit
                0x0000000000000000       0x48 _build/nrf_drv_gpiote.o
 .text.nrf_drv_gpiote_uninit
                0x0000000000000000       0x38 _build/nrf_drv_gpiote.o
 .text.nrf_drv_gpiote_in_is_set
                0x0000000000000000       0x14 _build/nrf_drv_gpiote.o
 .text.nrf_drv_gpiote_in_event_addr_get
                0x0000000000000000       0x1c _build/nrf_drv_gpiote.o
 .text          0x0000000000000000        0x0 _build/nrf_delay.o
 .data          0x0000000000000000        0x0 _build/nrf_delay.o
 .bss           0x0000000000000000        0x0 _build/nrf_delay.o
 .text          0x0000000000000000        0x0 _build/eddystone.o
 .data          0x0000000000000000        0x0 _build/eddystone.o
 .bss           0x0000000000000000        0x0 _build/eddystone.o
 .text.eddystone_with_manuf_adv
                0x0000000000000000       0x26 _build/eddystone.o
 .text.eddystone_with_name
                0x0000000000000000       0x22 _build/eddystone.o
 .text          0x0000000000000000        0x0 _build/tcmp441.o
 .data          0x0000000000000000        0x0 _build/tcmp441.o
 .bss           0x0000000000000000        0x0 _build/tcmp441.o
 .data          0x0000000000000000        0x0 /usr/bin/../lib/gcc/arm-none-eabi/5.3.1/armv6-m/libgcc.a(_thumb1_case_uqi.o)
 .bss           0x0000000000000000        0x0 /usr/bin/../lib/gcc/arm-none-eabi/5.3.1/armv6-m/libgcc.a(_thumb1_case_uqi.o)
 .data          0x0000000000000000        0x0 /usr/bin/../lib/gcc/arm-none-eabi/5.3.1/armv6-m/libgcc.a(_thumb1_case_uhi.o)
 .bss           0x0000000000000000        0x0 /usr/bin/../lib/gcc/arm-none-eabi/5.3.1/armv6-m/libgcc.a(_thumb1_case_uhi.o)
 .data          0x0000000000000000        0x0 /usr/bin/../lib/gcc/arm-none-eabi/5.3.1/armv6-m/libgcc.a(_divsi3.o)
 .bss           0x0000000000000000        0x0 /usr/bin/../lib/gcc/arm-none-eabi/5.3.1/armv6-m/libgcc.a(_divsi3.o)
 .data          0x0000000000000000        0x0 /usr/bin/../lib/gcc/arm-none-eabi/5.3.1/armv6-m/libgcc.a(_dvmd_tls.o)
 .bss           0x0000000000000000        0x0 /usr/bin/../lib/gcc/arm-none-eabi/5.3.1/armv6-m/libgcc.a(_dvmd_tls.o)
 .text          0x0000000000000000        0x0 /usr/bin/../lib/gcc/arm-none-eabi/5.3.1/../../../../arm-none-eabi/lib/armv6-m/libc_nano.a(lib_a-calloc.o)
 .data          0x0000000000000000        0x0 /usr/bin/../lib/gcc/arm-none-eabi/5.3.1/../../../../arm-none-eabi/lib/armv6-m/libc_nano.a(lib_a-calloc.o)
 .bss           0x0000000000000000        0x0 /usr/bin/../lib/gcc/arm-none-eabi/5.3.1/../../../../arm-none-eabi/lib/armv6-m/libc_nano.a(lib_a-calloc.o)
 .text          0x0000000000000000        0x0 /usr/bin/../lib/gcc/arm-none-eabi/5.3.1/../../../../arm-none-eabi/lib/armv6-m/libc_nano.a(lib_a-errno.o)
 .data          0x0000000000000000        0x0 /usr/bin/../lib/gcc/arm-none-eabi/5.3.1/../../../../arm-none-eabi/lib/armv6-m/libc_nano.a(lib_a-errno.o)
 .bss           0x0000000000000000        0x0 /usr/bin/../lib/gcc/arm-none-eabi/5.3.1/../../../../arm-none-eabi/lib/armv6-m/libc_nano.a(lib_a-errno.o)
 .text          0x0000000000000000        0x0 /usr/bin/../lib/gcc/arm-none-eabi/5.3.1/../../../../arm-none-eabi/lib/armv6-m/libc_nano.a(lib_a-exit.o)
 .data          0x0000000000000000        0x0 /usr/bin/../lib/gcc/arm-none-eabi/5.3.1/../../../../arm-none-eabi/lib/armv6-m/libc_nano.a(lib_a-exit.o)
 .bss           0x0000000000000000        0x0 /usr/bin/../lib/gcc/arm-none-eabi/5.3.1/../../../../arm-none-eabi/lib/armv6-m/libc_nano.a(lib_a-exit.o)
 .text          0x0000000000000000        0x0 /usr/bin/../lib/gcc/arm-none-eabi/5.3.1/../../../../arm-none-eabi/lib/armv6-m/libc_nano.a(lib_a-impure.o)
 .data          0x0000000000000000        0x0 /usr/bin/../lib/gcc/arm-none-eabi/5.3.1/../../../../arm-none-eabi/lib/armv6-m/libc_nano.a(lib_a-impure.o)
 .bss           0x0000000000000000        0x0 /usr/bin/../lib/gcc/arm-none-eabi/5.3.1/../../../../arm-none-eabi/lib/armv6-m/libc_nano.a(lib_a-impure.o)
 .text          0x0000000000000000        0x0 /usr/bin/../lib/gcc/arm-none-eabi/5.3.1/../../../../arm-none-eabi/lib/armv6-m/libc_nano.a(lib_a-init.o)
 .data          0x0000000000000000        0x0 /usr/bin/../lib/gcc/arm-none-eabi/5.3.1/../../../../arm-none-eabi/lib/armv6-m/libc_nano.a(lib_a-init.o)
 .bss           0x0000000000000000        0x0 /usr/bin/../lib/gcc/arm-none-eabi/5.3.1/../../../../arm-none-eabi/lib/armv6-m/libc_nano.a(lib_a-init.o)
 .text          0x0000000000000000        0x0 /usr/bin/../lib/gcc/arm-none-eabi/5.3.1/../../../../arm-none-eabi/lib/armv6-m/libc_nano.a(lib_a-malloc.o)
 .data          0x0000000000000000        0x0 /usr/bin/../lib/gcc/arm-none-eabi/5.3.1/../../../../arm-none-eabi/lib/armv6-m/libc_nano.a(lib_a-malloc.o)
 .bss           0x0000000000000000        0x0 /usr/bin/../lib/gcc/arm-none-eabi/5.3.1/../../../../arm-none-eabi/lib/armv6-m/libc_nano.a(lib_a-malloc.o)
 .text          0x0000000000000000        0x0 /usr/bin/../lib/gcc/arm-none-eabi/5.3.1/../../../../arm-none-eabi/lib/armv6-m/libc_nano.a(lib_a-memcpy-stub.o)
 .data          0x0000000000000000        0x0 /usr/bin/../lib/gcc/arm-none-eabi/5.3.1/../../../../arm-none-eabi/lib/armv6-m/libc_nano.a(lib_a-memcpy-stub.o)
 .bss           0x0000000000000000        0x0 /usr/bin/../lib/gcc/arm-none-eabi/5.3.1/../../../../arm-none-eabi/lib/armv6-m/libc_nano.a(lib_a-memcpy-stub.o)
 .text          0x0000000000000000        0x0 /usr/bin/../lib/gcc/arm-none-eabi/5.3.1/../../../../arm-none-eabi/lib/armv6-m/libc_nano.a(lib_a-memmove.o)
 .data          0x0000000000000000        0x0 /usr/bin/../lib/gcc/arm-none-eabi/5.3.1/../../../../arm-none-eabi/lib/armv6-m/libc_nano.a(lib_a-memmove.o)
 .bss           0x0000000000000000        0x0 /usr/bin/../lib/gcc/arm-none-eabi/5.3.1/../../../../arm-none-eabi/lib/armv6-m/libc_nano.a(lib_a-memmove.o)
 .text          0x0000000000000000        0x0 /usr/bin/../lib/gcc/arm-none-eabi/5.3.1/../../../../arm-none-eabi/lib/armv6-m/libc_nano.a(lib_a-memset.o)
 .data          0x0000000000000000        0x0 /usr/bin/../lib/gcc/arm-none-eabi/5.3.1/../../../../arm-none-eabi/lib/armv6-m/libc_nano.a(lib_a-memset.o)
 .bss           0x0000000000000000        0x0 /usr/bin/../lib/gcc/arm-none-eabi/5.3.1/../../../../arm-none-eabi/lib/armv6-m/libc_nano.a(lib_a-memset.o)
 .text          0x0000000000000000        0x0 /usr/bin/../lib/gcc/arm-none-eabi/5.3.1/../../../../arm-none-eabi/lib/armv6-m/libc_nano.a(lib_a-nano-callocr.o)
 .data          0x0000000000000000        0x0 /usr/bin/../lib/gcc/arm-none-eabi/5.3.1/../../../../arm-none-eabi/lib/armv6-m/libc_nano.a(lib_a-nano-callocr.o)
 .bss           0x0000000000000000        0x0 /usr/bin/../lib/gcc/arm-none-eabi/5.3.1/../../../../arm-none-eabi/lib/armv6-m/libc_nano.a(lib_a-nano-callocr.o)
 .text          0x0000000000000000        0x0 /usr/bin/../lib/gcc/arm-none-eabi/5.3.1/../../../../arm-none-eabi/lib/armv6-m/libc_nano.a(lib_a-nano-freer.o)
 .data          0x0000000000000000        0x0 /usr/bin/../lib/gcc/arm-none-eabi/5.3.1/../../../../arm-none-eabi/lib/armv6-m/libc_nano.a(lib_a-nano-freer.o)
 .bss           0x0000000000000000        0x0 /usr/bin/../lib/gcc/arm-none-eabi/5.3.1/../../../../arm-none-eabi/lib/armv6-m/libc_nano.a(lib_a-nano-freer.o)
 .text          0x0000000000000000        0x0 /usr/bin/../lib/gcc/arm-none-eabi/5.3.1/../../../../arm-none-eabi/lib/armv6-m/libc_nano.a(lib_a-nano-mallocr.o)
 .data          0x0000000000000000        0x0 /usr/bin/../lib/gcc/arm-none-eabi/5.3.1/../../../../arm-none-eabi/lib/armv6-m/libc_nano.a(lib_a-nano-mallocr.o)
 .bss           0x0000000000000000        0x0 /usr/bin/../lib/gcc/arm-none-eabi/5.3.1/../../../../arm-none-eabi/lib/armv6-m/libc_nano.a(lib_a-nano-mallocr.o)
 .text          0x0000000000000000        0x0 /usr/bin/../lib/gcc/arm-none-eabi/5.3.1/../../../../arm-none-eabi/lib/armv6-m/libc_nano.a(lib_a-realloc.o)
 .data          0x0000000000000000        0x0 /usr/bin/../lib/gcc/arm-none-eabi/5.3.1/../../../../arm-none-eabi/lib/armv6-m/libc_nano.a(lib_a-realloc.o)
 .bss           0x0000000000000000        0x0 /usr/bin/../lib/gcc/arm-none-eabi/5.3.1/../../../../arm-none-eabi/lib/armv6-m/libc_nano.a(lib_a-realloc.o)
 .text          0x0000000000000000        0x0 /usr/bin/../lib/gcc/arm-none-eabi/5.3.1/../../../../arm-none-eabi/lib/armv6-m/libc_nano.a(lib_a-sbrkr.o)
 .data          0x0000000000000000        0x0 /usr/bin/../lib/gcc/arm-none-eabi/5.3.1/../../../../arm-none-eabi/lib/armv6-m/libc_nano.a(lib_a-sbrkr.o)
 .bss           0x0000000000000000        0x0 /usr/bin/../lib/gcc/arm-none-eabi/5.3.1/../../../../arm-none-eabi/lib/armv6-m/libc_nano.a(lib_a-sbrkr.o)
 .data          0x0000000000000000        0x0 /usr/bin/../lib/gcc/arm-none-eabi/5.3.1/../../../../arm-none-eabi/lib/armv6-m/libc_nano.a(lib_a-strlen.o)
 .bss           0x0000000000000000        0x0 /usr/bin/../lib/gcc/arm-none-eabi/5.3.1/../../../../arm-none-eabi/lib/armv6-m/libc_nano.a(lib_a-strlen.o)
 .text          0x0000000000000000        0x0 /usr/bin/../lib/gcc/arm-none-eabi/5.3.1/../../../../arm-none-eabi/lib/armv6-m/libc_nano.a(lib_a-nano-reallocr.o)
 .data          0x0000000000000000        0x0 /usr/bin/../lib/gcc/arm-none-eabi/5.3.1/../../../../arm-none-eabi/lib/armv6-m/libc_nano.a(lib_a-nano-reallocr.o)
 .bss           0x0000000000000000        0x0 /usr/bin/../lib/gcc/arm-none-eabi/5.3.1/../../../../arm-none-eabi/lib/armv6-m/libc_nano.a(lib_a-nano-reallocr.o)
 .text          0x0000000000000000        0x0 /usr/bin/../lib/gcc/arm-none-eabi/5.3.1/../../../../arm-none-eabi/lib/armv6-m/libc_nano.a(lib_a-reent.o)
 .data          0x0000000000000000        0x0 /usr/bin/../lib/gcc/arm-none-eabi/5.3.1/../../../../arm-none-eabi/lib/armv6-m/libc_nano.a(lib_a-reent.o)
 .bss           0x0000000000000000        0x0 /usr/bin/../lib/gcc/arm-none-eabi/5.3.1/../../../../arm-none-eabi/lib/armv6-m/libc_nano.a(lib_a-reent.o)
 .text.cleanup_glue
                0x0000000000000000       0x1a /usr/bin/../lib/gcc/arm-none-eabi/5.3.1/../../../../arm-none-eabi/lib/armv6-m/libc_nano.a(lib_a-reent.o)
 .text._reclaim_reent
                0x0000000000000000       0xcc /usr/bin/../lib/gcc/arm-none-eabi/5.3.1/../../../../arm-none-eabi/lib/armv6-m/libc_nano.a(lib_a-reent.o)
 .text          0x0000000000000000        0x0 /usr/bin/../lib/gcc/arm-none-eabi/5.3.1/../../../../arm-none-eabi/lib/armv6-m/libc_nano.a(lib_a-nano-msizer.o)
 .data          0x0000000000000000        0x0 /usr/bin/../lib/gcc/arm-none-eabi/5.3.1/../../../../arm-none-eabi/lib/armv6-m/libc_nano.a(lib_a-nano-msizer.o)
 .bss           0x0000000000000000        0x0 /usr/bin/../lib/gcc/arm-none-eabi/5.3.1/../../../../arm-none-eabi/lib/armv6-m/libc_nano.a(lib_a-nano-msizer.o)
 .text          0x0000000000000000        0x0 /usr/bin/../lib/gcc/arm-none-eabi/5.3.1/armv6-m/crtend.o
 .data          0x0000000000000000        0x0 /usr/bin/../lib/gcc/arm-none-eabi/5.3.1/armv6-m/crtend.o
 .bss           0x0000000000000000        0x0 /usr/bin/../lib/gcc/arm-none-eabi/5.3.1/armv6-m/crtend.o
 .jcr           0x0000000000000000        0x4 /usr/bin/../lib/gcc/arm-none-eabi/5.3.1/armv6-m/crtend.o
 .text          0x0000000000000000        0x0 /usr/bin/../lib/gcc/arm-none-eabi/5.3.1/armv6-m/crtn.o
 .data          0x0000000000000000        0x0 /usr/bin/../lib/gcc/arm-none-eabi/5.3.1/armv6-m/crtn.o
 .bss           0x0000000000000000        0x0 /usr/bin/../lib/gcc/arm-none-eabi/5.3.1/armv6-m/crtn.o
 .text          0x0000000000000000        0x0 /usr/bin/../lib/gcc/arm-none-eabi/5.3.1/../../../../arm-none-eabi/lib/armv6-m/libnosys.a(sbrk.o)
 .data          0x0000000000000000        0x0 /usr/bin/../lib/gcc/arm-none-eabi/5.3.1/../../../../arm-none-eabi/lib/armv6-m/libnosys.a(sbrk.o)
 .bss           0x0000000000000000        0x0 /usr/bin/../lib/gcc/arm-none-eabi/5.3.1/../../../../arm-none-eabi/lib/armv6-m/libnosys.a(sbrk.o)
 .text          0x0000000000000000        0x0 /usr/bin/../lib/gcc/arm-none-eabi/5.3.1/../../../../arm-none-eabi/lib/armv6-m/libnosys.a(_exit.o)
 .data          0x0000000000000000        0x0 /usr/bin/../lib/gcc/arm-none-eabi/5.3.1/../../../../arm-none-eabi/lib/armv6-m/libnosys.a(_exit.o)
 .bss           0x0000000000000000        0x0 /usr/bin/../lib/gcc/arm-none-eabi/5.3.1/../../../../arm-none-eabi/lib/armv6-m/libnosys.a(_exit.o)

Memory Configuration

Name             Origin             Length             Attributes
FLASH            0x000000000001b000 0x0000000000025000 xr
RAM              0x0000000020002800 0x0000000000005800 xrw
*default*        0x0000000000000000 0xffffffffffffffff

Linker script and memory map

LOAD /usr/bin/../lib/gcc/arm-none-eabi/5.3.1/armv6-m/crti.o
LOAD /usr/bin/../lib/gcc/arm-none-eabi/5.3.1/armv6-m/crtbegin.o
LOAD /usr/bin/../lib/gcc/arm-none-eabi/5.3.1/../../../../arm-none-eabi/lib/armv6-m/crt0.o
LOAD _build/startup_nrf51.os
LOAD _build/system_nrf51.o
LOAD _build/split.o
LOAD _build/mask.o
LOAD _build/qrspec.o
LOAD _build/qrencode.o
LOAD _build/mmask.o
LOAD _build/main.o
LOAD _build/mqrspec.o
LOAD _build/qrinput.o
LOAD _build/writetext.o
LOAD _build/bitstream.o
LOAD _build/rsecc.o
LOAD _build/softdevice_handler.o
LOAD _build/ble_advdata.o
LOAD _build/ble_conn_params.o
LOAD _build/app_timer.o
LOAD _build/app_error.o
LOAD _build/app_gpiote.o
LOAD _build/led.o
LOAD _build/simple_ble.o
LOAD _build/simple_adv.o
LOAD _build/nrf_drv_spi.o
LOAD _build/nrf_drv_common.o
LOAD _build/nrf_drv_gpiote.o
LOAD _build/nrf_delay.o
LOAD _build/eddystone.o
LOAD _build/tcmp441.o
START GROUP
LOAD /usr/bin/../lib/gcc/arm-none-eabi/5.3.1/armv6-m/libgcc.a
LOAD /usr/bin/../lib/gcc/arm-none-eabi/5.3.1/../../../../arm-none-eabi/lib/armv6-m/libc_nano.a
END GROUP
START GROUP
LOAD /usr/bin/../lib/gcc/arm-none-eabi/5.3.1/armv6-m/libgcc.a
LOAD /usr/bin/../lib/gcc/arm-none-eabi/5.3.1/../../../../arm-none-eabi/lib/armv6-m/libc_nano.a
END GROUP
LOAD /usr/bin/../lib/gcc/arm-none-eabi/5.3.1/armv6-m/crtend.o
LOAD /usr/bin/../lib/gcc/arm-none-eabi/5.3.1/armv6-m/crtn.o

.fs_data_out    0x0000000000000000        0x0
                [!provide]                        PROVIDE (__start_fs_data, .)
 *(fs_data)
                [!provide]                        PROVIDE (__stop_fs_data, .)
START GROUP
LOAD /usr/bin/../lib/gcc/arm-none-eabi/5.3.1/armv6-m/libgcc.a
LOAD /usr/bin/../lib/gcc/arm-none-eabi/5.3.1/../../../../arm-none-eabi/lib/armv6-m/libc.a
LOAD /usr/bin/../lib/gcc/arm-none-eabi/5.3.1/../../../../arm-none-eabi/lib/armv6-m/libm.a
LOAD /usr/bin/../lib/gcc/arm-none-eabi/5.3.1/../../../../arm-none-eabi/lib/armv6-m/libnosys.a
END GROUP

.text           0x000000000001b000     0x5c58
 *(.isr_vector)
 .isr_vector    0x000000000001b000       0xc0 _build/startup_nrf51.os
                0x000000000001b000                __Vectors
 *(.text*)
 .text          0x000000000001b0c0       0x78 /usr/bin/../lib/gcc/arm-none-eabi/5.3.1/../../../../arm-none-eabi/lib/armv6-m/crt0.o
                0x000000000001b0c0                _mainCRTStartup
                0x000000000001b0c0                _start
 .text          0x000000000001b138       0x7c _build/startup_nrf51.os
                0x000000000001b138                Reset_Handler
                0x000000000001b178                NMI_Handler
                0x000000000001b17a                HardFault_Handler
                0x000000000001b17c                SVC_Handler
                0x000000000001b17e                PendSV_Handler
                0x000000000001b180                SysTick_Handler
                0x000000000001b182                Default_Handler
                0x000000000001b182                DEF_IRQHandler
                0x000000000001b184                POWER_CLOCK_IRQHandler
                0x000000000001b186                RADIO_IRQHandler
                0x000000000001b188                UART0_IRQHandler
                0x000000000001b18c                SPI1_TWI1_IRQHandler
                0x000000000001b190                ADC_IRQHandler
                0x000000000001b192                TIMER0_IRQHandler
                0x000000000001b194                TIMER1_IRQHandler
                0x000000000001b196                TIMER2_IRQHandler
                0x000000000001b198                RTC0_IRQHandler
                0x000000000001b19a                TEMP_IRQHandler
                0x000000000001b19c                RNG_IRQHandler
                0x000000000001b19e                ECB_IRQHandler
                0x000000000001b1a0                CCM_AAR_IRQHandler
                0x000000000001b1a2                WDT_IRQHandler
                0x000000000001b1a6                QDEC_IRQHandler
                0x000000000001b1aa                SWI1_IRQHandler
                0x000000000001b1ae                SWI3_IRQHandler
                0x000000000001b1b0                SWI4_IRQHandler
                0x000000000001b1b2                SWI5_IRQHandler
 .text.SystemInit
                0x000000000001b1b4       0xe0 _build/system_nrf51.o
                0x000000000001b1b4                SystemInit
 .text.Mask_mask0
                0x000000000001b294       0x54 _build/mask.o
 .text.Mask_mask1
                0x000000000001b2e8       0x56 _build/mask.o
 .text.Mask_mask2
                0x000000000001b33e       0x68 _build/mask.o
 .text.Mask_mask3
                0x000000000001b3a6       0x6a _build/mask.o
 .text.Mask_mask4
                0x000000000001b410       0x72 _build/mask.o
 .text.Mask_mask5
                0x000000000001b482       0x7a _build/mask.o
 .text.Mask_mask6
                0x000000000001b4fc       0x74 _build/mask.o
 .text.Mask_mask7
                0x000000000001b570       0x74 _build/mask.o
 .text.Mask_writeFormatInformation
                0x000000000001b5e4       0x8c _build/mask.o
                0x000000000001b5e4                Mask_writeFormatInformation
 .text.Mask_makeMask
                0x000000000001b670       0x48 _build/mask.o
                0x000000000001b670                Mask_makeMask
 .text.Mask_calcN1N3
                0x000000000001b6b8       0x84 _build/mask.o
                0x000000000001b6b8                Mask_calcN1N3
 .text.Mask_calcN2
                0x000000000001b73c       0x6a _build/mask.o
                0x000000000001b73c                Mask_calcN2
 .text.Mask_calcRunLengthH
                0x000000000001b7a6       0x4a _build/mask.o
                0x000000000001b7a6                Mask_calcRunLengthH
 .text.Mask_calcRunLengthV
                0x000000000001b7f0       0x46 _build/mask.o
                0x000000000001b7f0                Mask_calcRunLengthV
 *fill*         0x000000000001b836        0x2 
 .text.Mask_evaluateSymbol
                0x000000000001b838       0x64 _build/mask.o
                0x000000000001b838                Mask_evaluateSymbol
 .text.Mask_mask
                0x000000000001b89c       0xb0 _build/mask.o
                0x000000000001b89c                Mask_mask
 .text.QRspec_putAlignmentMarker
                0x000000000001b94c       0x2c _build/qrspec.o
 .text.putFinderPattern
                0x000000000001b978       0x28 _build/qrspec.o
 .text.QRspec_getDataLength
                0x000000000001b9a0       0x24 _build/qrspec.o
                0x000000000001b9a0                QRspec_getDataLength
 .text.QRspec_getMinimumVersion
                0x000000000001b9c4       0x2c _build/qrspec.o
                0x000000000001b9c4                QRspec_getMinimumVersion
 .text.QRspec_getWidth
                0x000000000001b9f0       0x10 _build/qrspec.o
                0x000000000001b9f0                QRspec_getWidth
 .text.QRspec_getRemainder
                0x000000000001ba00       0x10 _build/qrspec.o
                0x000000000001ba00                QRspec_getRemainder
 .text.QRspec_lengthIndicator
                0x000000000001ba10       0x34 _build/qrspec.o
                0x000000000001ba10                QRspec_lengthIndicator
 .text.QRspec_maximumWords
                0x000000000001ba44       0x40 _build/qrspec.o
                0x000000000001ba44                QRspec_maximumWords
 .text.QRspec_getEccSpec
                0x000000000001ba84       0x74 _build/qrspec.o
                0x000000000001ba84                QRspec_getEccSpec
 .text.QRspec_getVersionPattern
                0x000000000001baf8       0x14 _build/qrspec.o
                0x000000000001baf8                QRspec_getVersionPattern
 .text.QRspec_getFormatInfo
                0x000000000001bb0c       0x18 _build/qrspec.o
                0x000000000001bb0c                QRspec_getFormatInfo
 .text.QRspec_newFrame
                0x000000000001bb24      0x24c _build/qrspec.o
                0x000000000001bb24                QRspec_newFrame
 .text.FrameFiller_next
                0x000000000001bd70       0x9c _build/qrencode.o
 .text.QRraw_getCode
                0x000000000001be0c       0x6c _build/qrencode.o
                0x000000000001be0c                QRraw_getCode
 .text.QRraw_free
                0x000000000001be78       0x20 _build/qrencode.o
                0x000000000001be78                QRraw_free
 .text.QRraw_new
                0x000000000001be98      0x116 _build/qrencode.o
                0x000000000001be98                QRraw_new
 .text.MQRraw_getCode
                0x000000000001bfae       0x28 _build/qrencode.o
                0x000000000001bfae                MQRraw_getCode
 .text.MQRraw_free
                0x000000000001bfd6       0x20 _build/qrencode.o
                0x000000000001bfd6                MQRraw_free
 .text.MQRraw_new
                0x000000000001bff6       0xa4 _build/qrencode.o
                0x000000000001bff6                MQRraw_new
 .text.QRcode_new
                0x000000000001c09a       0x1a _build/qrencode.o
                0x000000000001c09a                QRcode_new
 .text.QRcode_encodeMask
                0x000000000001c0b4      0x14a _build/qrencode.o
                0x000000000001c0b4                QRcode_encodeMask
 .text.QRcode_encodeMaskMQR
                0x000000000001c1fe      0x146 _build/qrencode.o
                0x000000000001c1fe                QRcode_encodeMaskMQR
 .text.QRcode_encodeInput
                0x000000000001c344       0x18 _build/qrencode.o
                0x000000000001c344                QRcode_encodeInput
 .text.QRcode_encodeDataReal
                0x000000000001c35c       0x5a _build/qrencode.o
 .text.QRcode_encodeString8bit
                0x000000000001c3b6       0x2e _build/qrencode.o
                0x000000000001c3b6                QRcode_encodeString8bit
 .text.Mask_mask0
                0x000000000001c3e4       0x40 _build/mmask.o
 .text.Mask_mask1
                0x000000000001c424       0x60 _build/mmask.o
 .text.Mask_mask2
                0x000000000001c484       0x64 _build/mmask.o
 .text.Mask_mask3
                0x000000000001c4e8       0x62 _build/mmask.o
 .text.MMask_writeFormatInformation
                0x000000000001c54a       0x4c _build/mmask.o
                0x000000000001c54a                MMask_writeFormatInformation
 *fill*         0x000000000001c596        0x2 
 .text.MMask_makeMask
                0x000000000001c598       0x54 _build/mmask.o
                0x000000000001c598                MMask_makeMask
 .text.MMask_evaluateSymbol
                0x000000000001c5ec       0x48 _build/mmask.o
                0x000000000001c5ec                MMask_evaluateSymbol
 .text.MMask_mask
                0x000000000001c634       0x8c _build/mmask.o
                0x000000000001c634                MMask_mask
 .text.sd_app_evt_wait
                0x000000000001c6c0        0x4 _build/main.o
 .text.services_init
                0x000000000001c6c4       0xbc _build/main.o
                0x000000000001c6c4                services_init
 .text.ble_evt_write
                0x000000000001c780       0x58 _build/main.o
                0x000000000001c780                ble_evt_write
 .text.ble_evt_connected
                0x000000000001c7d8        0xa _build/main.o
                0x000000000001c7d8                ble_evt_connected
 .text.ble_evt_disconnected
                0x000000000001c7e2        0xa _build/main.o
                0x000000000001c7e2                ble_evt_disconnected
 .text.startup.main
                0x000000000001c7ec       0x40 _build/main.o
                0x000000000001c7ec                main
 .text.MQRspec_getDataLengthBit
                0x000000000001c82c       0x30 _build/mqrspec.o
                0x000000000001c82c                MQRspec_getDataLengthBit
 .text.MQRspec_getDataLength
                0x000000000001c85c       0x14 _build/mqrspec.o
                0x000000000001c85c                MQRspec_getDataLength
 .text.MQRspec_getECCLength
                0x000000000001c870       0x14 _build/mqrspec.o
                0x000000000001c870                MQRspec_getECCLength
 .text.MQRspec_getWidth
                0x000000000001c884       0x10 _build/mqrspec.o
                0x000000000001c884                MQRspec_getWidth
 .text.MQRspec_lengthIndicator
                0x000000000001c894       0x14 _build/mqrspec.o
                0x000000000001c894                MQRspec_lengthIndicator
 .text.MQRspec_getFormatInfo
                0x000000000001c8a8       0x38 _build/mqrspec.o
                0x000000000001c8a8                MQRspec_getFormatInfo
 .text.MQRspec_newFrame
                0x000000000001c8e0       0xb8 _build/mqrspec.o
                0x000000000001c8e0                MQRspec_newFrame
 .text.QRinput_List_freeEntry
                0x000000000001c998       0x1a _build/qrinput.o
 .text.QRinput_isSplittableMode
                0x000000000001c9b2        0xc _build/qrinput.o
                0x000000000001c9b2                QRinput_isSplittableMode
 .text.QRinput_new2
                0x000000000001c9be       0x34 _build/qrinput.o
                0x000000000001c9be                QRinput_new2
 .text.QRinput_newMQR
                0x000000000001c9f2       0x32 _build/qrinput.o
                0x000000000001c9f2                QRinput_newMQR
 .text.QRinput_setVersion
                0x000000000001ca24       0x1e _build/qrinput.o
                0x000000000001ca24                QRinput_setVersion
 .text.QRinput_free
                0x000000000001ca42       0x1e _build/qrinput.o
                0x000000000001ca42                QRinput_free
 .text.QRinput_estimateBitsModeNum
                0x000000000001ca60       0x26 _build/qrinput.o
                0x000000000001ca60                QRinput_estimateBitsModeNum
 .text.QRinput_estimateBitsModeAn
                0x000000000001ca86       0x16 _build/qrinput.o
                0x000000000001ca86                QRinput_estimateBitsModeAn
 .text.QRinput_estimateBitStreamSizeOfEntry
                0x000000000001ca9c       0xb0 _build/qrinput.o
 .text.QRinput_check
                0x000000000001cb4c       0xa4 _build/qrinput.o
                0x000000000001cb4c                QRinput_check
 .text.QRinput_List_newEntry
                0x000000000001cbf0       0x56 _build/qrinput.o
 .text.QRinput_append
                0x000000000001cc46       0x2e _build/qrinput.o
                0x000000000001cc46                QRinput_append
 .text.QRinput_encodeBitStream
                0x000000000001cc74      0x3f0 _build/qrinput.o
 .text.QRinput_createBitStream
                0x000000000001d064       0x2e _build/qrinput.o
 .text.QRinput_estimateBitStreamSize
                0x000000000001d092       0x22 _build/qrinput.o
                0x000000000001d092                QRinput_estimateBitStreamSize
 .text.QRinput_mergeBitStream
                0x000000000001d0b4       0xb2 _build/qrinput.o
                0x000000000001d0b4                QRinput_mergeBitStream
 .text.QRinput_getBitStream
                0x000000000001d166      0x124 _build/qrinput.o
                0x000000000001d166                QRinput_getBitStream
 .text.QRinput_getByteStream
                0x000000000001d28a       0x34 _build/qrinput.o
                0x000000000001d28a                QRinput_getByteStream
 .text.BitStream_expand
                0x000000000001d2be       0x24 _build/bitstream.o
 .text.BitStream_new
                0x000000000001d2e2       0x2e _build/bitstream.o
                0x000000000001d2e2                BitStream_new
 .text.BitStream_appendNum
                0x000000000001d310       0x54 _build/bitstream.o
                0x000000000001d310                BitStream_appendNum
 .text.BitStream_appendBytes
                0x000000000001d364       0x60 _build/bitstream.o
                0x000000000001d364                BitStream_appendBytes
 .text.BitStream_toByte
                0x000000000001d3c4       0x86 _build/bitstream.o
                0x000000000001d3c4                BitStream_toByte
 .text.BitStream_free
                0x000000000001d44a       0x14 _build/bitstream.o
                0x000000000001d44a                BitStream_free
 *fill*         0x000000000001d45e        0x2 
 .text.RSECC_encode
                0x000000000001d460      0x190 _build/rsecc.o
                0x000000000001d460                RSECC_encode
 .text.sd_evt_get
                0x000000000001d5f0        0x4 _build/softdevice_handler.o
 .text.sd_softdevice_enable
                0x000000000001d5f4        0x4 _build/softdevice_handler.o
 .text.sd_ble_enable
                0x000000000001d5f8        0x4 _build/softdevice_handler.o
 .text.sd_ble_evt_get
                0x000000000001d5fc        0x4 _build/softdevice_handler.o
 .text.softdevice_fault_handler
                0x000000000001d600        0x8 _build/softdevice_handler.o
                0x000000000001d600                softdevice_fault_handler
 .text.intern_softdevice_events_execute
                0x000000000001d608       0xac _build/softdevice_handler.o
                0x000000000001d608                intern_softdevice_events_execute
 .text.softdevice_handler_init
                0x000000000001d6b4       0x78 _build/softdevice_handler.o
                0x000000000001d6b4                softdevice_handler_init
 .text.softdevice_ble_evt_handler_set
                0x000000000001d72c       0x14 _build/softdevice_handler.o
                0x000000000001d72c                softdevice_ble_evt_handler_set
 .text.softdevice_sys_evt_handler_set
                0x000000000001d740       0x14 _build/softdevice_handler.o
                0x000000000001d740                softdevice_sys_evt_handler_set
 .text.SWI2_IRQHandler
                0x000000000001d754       0x20 _build/softdevice_handler.o
                0x000000000001d754                SWI2_IRQHandler
 .text.softdevice_enable_get_default_config
                0x000000000001d774       0x28 _build/softdevice_handler.o
                0x000000000001d774                softdevice_enable_get_default_config
 .text.sd_check_ram_start
                0x000000000001d79c       0x14 _build/softdevice_handler.o
                0x000000000001d79c                sd_check_ram_start
 .text.softdevice_enable
                0x000000000001d7b0       0x18 _build/softdevice_handler.o
                0x000000000001d7b0                softdevice_enable
 .text.sd_ble_gap_address_get
                0x000000000001d7c8        0x4 _build/ble_advdata.o
 .text.sd_ble_gap_adv_data_set
                0x000000000001d7cc        0x4 _build/ble_advdata.o
 .text.sd_ble_gap_appearance_get
                0x000000000001d7d0        0x4 _build/ble_advdata.o
 .text.sd_ble_gap_device_name_get
                0x000000000001d7d4        0x4 _build/ble_advdata.o
 .text.sd_ble_uuid_encode
                0x000000000001d7d8        0x4 _build/ble_advdata.o
 .text.uuid_list_sized_encode
                0x000000000001d7dc       0xc0 _build/ble_advdata.o
 .text.uuid_list_encode
                0x000000000001d89c       0x34 _build/ble_advdata.o
 .text.adv_data_encode
                0x000000000001d8d0      0x484 _build/ble_advdata.o
                0x000000000001d8d0                adv_data_encode
 .text.ble_advdata_set
                0x000000000001dd54       0x64 _build/ble_advdata.o
                0x000000000001dd54                ble_advdata_set
 .text.sd_ble_gap_conn_param_update
                0x000000000001ddb8        0x4 _build/ble_conn_params.o
 .text.sd_ble_gap_disconnect
                0x000000000001ddbc        0x4 _build/ble_conn_params.o
 .text.sd_ble_gap_ppcp_set
                0x000000000001ddc0        0x4 _build/ble_conn_params.o
 .text.sd_ble_gap_ppcp_get
                0x000000000001ddc4        0x4 _build/ble_conn_params.o
 .text.update_timeout_handler
                0x000000000001ddc8       0x74 _build/ble_conn_params.o
 .text.conn_params_negotiation
                0x000000000001de3c       0x78 _build/ble_conn_params.o
 .text.ble_conn_params_init
                0x000000000001deb4       0x74 _build/ble_conn_params.o
                0x000000000001deb4                ble_conn_params_init
 .text.ble_conn_params_on_ble_evt
                0x000000000001df28       0xac _build/ble_conn_params.o
                0x000000000001df28                ble_conn_params_on_ble_evt
 .text.rtc1_stop
                0x000000000001dfd4       0x78 _build/app_timer.o
 .text.user_op_alloc
                0x000000000001e04c       0x28 _build/app_timer.o
 .text.user_id_get
                0x000000000001e074       0x5c _build/app_timer.o
 .text.RTC1_IRQHandler
                0x000000000001e0d0       0xb8 _build/app_timer.o
                0x000000000001e0d0                RTC1_IRQHandler
 .text.SWI0_IRQHandler
                0x000000000001e188      0x3cc _build/app_timer.o
                0x000000000001e188                SWI0_IRQHandler
 .text.app_timer_init
                0x000000000001e554       0xd4 _build/app_timer.o
                0x000000000001e554                app_timer_init
 .text.app_timer_create
                0x000000000001e628       0x30 _build/app_timer.o
                0x000000000001e628                app_timer_create
 .text.app_timer_start
                0x000000000001e658       0x88 _build/app_timer.o
                0x000000000001e658                app_timer_start
 .text.app_timer_stop
                0x000000000001e6e0       0x58 _build/app_timer.o
                0x000000000001e6e0                app_timer_stop
 .text.app_error_handler_bare
                0x000000000001e738       0x1c _build/app_error.o
                0x000000000001e738                app_error_handler_bare
 .text.led_init
                0x000000000001e754       0x1c _build/led.o
                0x000000000001e754                led_init
 .text.led_on   0x000000000001e770       0x14 _build/led.o
                0x000000000001e770                led_on
 .text.led_off  0x000000000001e784       0x10 _build/led.o
                0x000000000001e784                led_off
 .text.sd_ble_gap_address_set
                0x000000000001e794        0x4 _build/simple_ble.o
 .text.sd_ble_gap_address_get
                0x000000000001e798        0x4 _build/simple_ble.o
 .text.sd_ble_gap_adv_start
                0x000000000001e79c        0x4 _build/simple_ble.o
 .text.sd_ble_gap_adv_stop
                0x000000000001e7a0        0x4 _build/simple_ble.o
 .text.sd_ble_gap_disconnect
                0x000000000001e7a4        0x4 _build/simple_ble.o
 .text.sd_ble_gap_tx_power_set
                0x000000000001e7a8        0x4 _build/simple_ble.o
 .text.sd_ble_gap_appearance_set
                0x000000000001e7ac        0x4 _build/simple_ble.o
 .text.sd_ble_gap_ppcp_set
                0x000000000001e7b0        0x4 _build/simple_ble.o
 .text.sd_ble_gap_device_name_set
                0x000000000001e7b4        0x4 _build/simple_ble.o
 .text.sd_ble_gap_sec_params_reply
                0x000000000001e7b8        0x4 _build/simple_ble.o
 .text.sd_ble_gap_sec_info_reply
                0x000000000001e7bc        0x4 _build/simple_ble.o
 .text.sd_ble_gatts_service_add
                0x000000000001e7c0        0x4 _build/simple_ble.o
 .text.sd_ble_gatts_characteristic_add
                0x000000000001e7c4        0x4 _build/simple_ble.o
 .text.sd_ble_gatts_sys_attr_set
                0x000000000001e7c8        0x4 _build/simple_ble.o
 .text.sd_ble_uuid_vs_add
                0x000000000001e7cc        0x4 _build/simple_ble.o
 .text.sd_power_system_off
                0x000000000001e7d0        0x4 _build/simple_ble.o
 .text.sys_evt_dispatch
                0x000000000001e7d4        0x2 _build/simple_ble.o
 .text.conn_params_error_handler
                0x000000000001e7d6        0x8 _build/simple_ble.o
 *fill*         0x000000000001e7de        0x2 
 .text.on_conn_params_evt
                0x000000000001e7e0       0x20 _build/simple_ble.o
 .text.app_error_fault_handler
                0x000000000001e800       0x14 _build/simple_ble.o
                0x000000000001e800                app_error_fault_handler
 .text.ble_address_set
                0x000000000001e814       0x84 _build/simple_ble.o
                0x000000000001e814                ble_address_set
 .text.ble_stack_init
                0x000000000001e898       0x90 _build/simple_ble.o
                0x000000000001e898                ble_stack_init
 .text.gap_params_init
                0x000000000001e928       0x40 _build/simple_ble.o
                0x000000000001e928                gap_params_init
 .text.advertising_init
                0x000000000001e968       0x20 _build/simple_ble.o
                0x000000000001e968                advertising_init
 .text.conn_params_init
                0x000000000001e988       0x94 _build/simple_ble.o
                0x000000000001e988                conn_params_init
 .text.initialize_app_timer
                0x000000000001ea1c       0x1c _build/simple_ble.o
                0x000000000001ea1c                initialize_app_timer
 .text.advertising_start
                0x000000000001ea38       0x20 _build/simple_ble.o
                0x000000000001ea38                advertising_start
 .text.advertising_stop
                0x000000000001ea58       0x14 _build/simple_ble.o
                0x000000000001ea58                advertising_stop
 .text.ble_evt_dispatch
                0x000000000001ea6c      0x140 _build/simple_ble.o
 .text.simple_ble_init
                0x000000000001ebac       0x30 _build/simple_ble.o
                0x000000000001ebac                simple_ble_init
 .text.simple_ble_add_service
                0x000000000001ebdc       0x3e _build/simple_ble.o
                0x000000000001ebdc                simple_ble_add_service
 .text.simple_ble_add_characteristic
                0x000000000001ec1a       0xc6 _build/simple_ble.o
                0x000000000001ec1a                simple_ble_add_characteristic
 .text.simple_ble_is_char_event
                0x000000000001ece0        0xe _build/simple_ble.o
                0x000000000001ece0                simple_ble_is_char_event
 .text.full_adv
                0x000000000001ecee       0x5c _build/simple_adv.o
 .text.simple_adv_only_name
                0x000000000001ed4a        0xe _build/simple_adv.o
                0x000000000001ed4a                simple_adv_only_name
 .text.transfer_byte
                0x000000000001ed58       0x5c _build/nrf_drv_spi.o
 .text.nrf_drv_spi_init
                0x000000000001edb4      0x150 _build/nrf_drv_spi.o
                0x000000000001edb4                nrf_drv_spi_init
 .text.nrf_drv_spi_xfer
                0x000000000001ef04      0x108 _build/nrf_drv_spi.o
                0x000000000001ef04                nrf_drv_spi_xfer
 .text.nrf_drv_spi_transfer
                0x000000000001f00c       0x1c _build/nrf_drv_spi.o
                0x000000000001f00c                nrf_drv_spi_transfer
 .text.SPI0_TWI0_IRQHandler
                0x000000000001f028       0x48 _build/nrf_drv_spi.o
                0x000000000001f028                SPI0_TWI0_IRQHandler
 .text.nrf_drv_common_irq_enable
                0x000000000001f070       0x74 _build/nrf_drv_common.o
                0x000000000001f070                nrf_drv_common_irq_enable
 .text.nrf_gpio_cfg_sense_set
                0x000000000001f0e4       0x24 _build/nrf_drv_gpiote.o
 .text.GPIOTE_IRQHandler
                0x000000000001f108      0x148 _build/nrf_drv_gpiote.o
                0x000000000001f108                GPIOTE_IRQHandler
 .text.nrf_delay_ms
                0x000000000001f250       0x38 _build/nrf_delay.o
                0x000000000001f250                nrf_delay_ms
 .text.eddystone_adv
                0x000000000001f288       0xb0 _build/eddystone.o
                0x000000000001f288                eddystone_adv
 .text.wait_for_not_busy
                0x000000000001f338       0x7c _build/tcmp441.o
 .text.tcmp441_setPixel
                0x000000000001f3b4       0x44 _build/tcmp441.o
                0x000000000001f3b4                tcmp441_setPixel
 .text.tcmp441_clearScreen
                0x000000000001f3f8       0x18 _build/tcmp441.o
                0x000000000001f3f8                tcmp441_clearScreen
 .text.tcmp441_insertPixelGrid
                0x000000000001f410       0x3c _build/tcmp441.o
                0x000000000001f410                tcmp441_insertPixelGrid
 .text.tcmp441_writeCharacterAtLocation
                0x000000000001f44c       0x8c _build/tcmp441.o
                0x000000000001f44c                tcmp441_writeCharacterAtLocation
 .text.tcmp441_writeStringAtLocation
                0x000000000001f4d8       0x36 _build/tcmp441.o
                0x000000000001f4d8                tcmp441_writeStringAtLocation
 *fill*         0x000000000001f50e        0x2 
 .text.tcmp441_setBlock
                0x000000000001f510       0x30 _build/tcmp441.o
                0x000000000001f510                tcmp441_setBlock
 .text.tcmp441_insertBigPixelGrid
                0x000000000001f540       0x32 _build/tcmp441.o
                0x000000000001f540                tcmp441_insertBigPixelGrid
 .text.tcmp441_writeQRcode
                0x000000000001f572       0x70 _build/tcmp441.o
                0x000000000001f572                tcmp441_writeQRcode
 *fill*         0x000000000001f5e2        0x2 
 .text.tcmp441_updateDisplay
                0x000000000001f5e4      0x138 _build/tcmp441.o
                0x000000000001f5e4                tcmp441_updateDisplay
 .text.tcmp441_init
                0x000000000001f71c       0xec _build/tcmp441.o
                0x000000000001f71c                tcmp441_init
 .text          0x000000000001f808       0x14 /usr/bin/../lib/gcc/arm-none-eabi/5.3.1/armv6-m/libgcc.a(_thumb1_case_uqi.o)
                0x000000000001f808                __gnu_thumb1_case_uqi
 .text          0x000000000001f81c       0x14 /usr/bin/../lib/gcc/arm-none-eabi/5.3.1/armv6-m/libgcc.a(_thumb1_case_uhi.o)
                0x000000000001f81c                __gnu_thumb1_case_uhi
 .text          0x000000000001f830      0x1d4 /usr/bin/../lib/gcc/arm-none-eabi/5.3.1/armv6-m/libgcc.a(_divsi3.o)
                0x000000000001f830                __aeabi_idiv
                0x000000000001f830                __divsi3
                0x000000000001f9fc                __aeabi_idivmod
 .text          0x000000000001fa04        0x4 /usr/bin/../lib/gcc/arm-none-eabi/5.3.1/armv6-m/libgcc.a(_dvmd_tls.o)
                0x000000000001fa04                __aeabi_ldiv0
                0x000000000001fa04                __aeabi_idiv0
 .text.calloc   0x000000000001fa08       0x14 /usr/bin/../lib/gcc/arm-none-eabi/5.3.1/../../../../arm-none-eabi/lib/armv6-m/libc_nano.a(lib_a-calloc.o)
                0x000000000001fa08                calloc
 .text.__errno  0x000000000001fa1c        0xc /usr/bin/../lib/gcc/arm-none-eabi/5.3.1/../../../../arm-none-eabi/lib/armv6-m/libc_nano.a(lib_a-errno.o)
                0x000000000001fa1c                __errno
 .text.exit     0x000000000001fa28       0x2c /usr/bin/../lib/gcc/arm-none-eabi/5.3.1/../../../../arm-none-eabi/lib/armv6-m/libc_nano.a(lib_a-exit.o)
                0x000000000001fa28                exit
 .text.__libc_init_array
                0x000000000001fa54       0x4c /usr/bin/../lib/gcc/arm-none-eabi/5.3.1/../../../../arm-none-eabi/lib/armv6-m/libc_nano.a(lib_a-init.o)
                0x000000000001fa54                __libc_init_array
 .text.malloc   0x000000000001faa0       0x14 /usr/bin/../lib/gcc/arm-none-eabi/5.3.1/../../../../arm-none-eabi/lib/armv6-m/libc_nano.a(lib_a-malloc.o)
                0x000000000001faa0                malloc
 .text.free     0x000000000001fab4       0x14 /usr/bin/../lib/gcc/arm-none-eabi/5.3.1/../../../../arm-none-eabi/lib/armv6-m/libc_nano.a(lib_a-malloc.o)
                0x000000000001fab4                free
 .text.memcpy   0x000000000001fac8       0x12 /usr/bin/../lib/gcc/arm-none-eabi/5.3.1/../../../../arm-none-eabi/lib/armv6-m/libc_nano.a(lib_a-memcpy-stub.o)
                0x000000000001fac8                memcpy
 .text.memmove  0x000000000001fada       0x2a /usr/bin/../lib/gcc/arm-none-eabi/5.3.1/../../../../arm-none-eabi/lib/armv6-m/libc_nano.a(lib_a-memmove.o)
                0x000000000001fada                memmove
 .text.memset   0x000000000001fb04       0x10 /usr/bin/../lib/gcc/arm-none-eabi/5.3.1/../../../../arm-none-eabi/lib/armv6-m/libc_nano.a(lib_a-memset.o)
                0x000000000001fb04                memset
 .text._calloc_r
                0x000000000001fb14       0x1c /usr/bin/../lib/gcc/arm-none-eabi/5.3.1/../../../../arm-none-eabi/lib/armv6-m/libc_nano.a(lib_a-nano-callocr.o)
                0x000000000001fb14                _calloc_r
 .text._free_r  0x000000000001fb30       0x8c /usr/bin/../lib/gcc/arm-none-eabi/5.3.1/../../../../arm-none-eabi/lib/armv6-m/libc_nano.a(lib_a-nano-freer.o)
                0x000000000001fb30                _free_r
 .text._malloc_r
                0x000000000001fbbc       0xac /usr/bin/../lib/gcc/arm-none-eabi/5.3.1/../../../../arm-none-eabi/lib/armv6-m/libc_nano.a(lib_a-nano-mallocr.o)
                0x000000000001fbbc                _malloc_r
 .text.realloc  0x000000000001fc68       0x14 /usr/bin/../lib/gcc/arm-none-eabi/5.3.1/../../../../arm-none-eabi/lib/armv6-m/libc_nano.a(lib_a-realloc.o)
                0x000000000001fc68                realloc
 .text._sbrk_r  0x000000000001fc7c       0x24 /usr/bin/../lib/gcc/arm-none-eabi/5.3.1/../../../../arm-none-eabi/lib/armv6-m/libc_nano.a(lib_a-sbrkr.o)
                0x000000000001fc7c                _sbrk_r
 .text          0x000000000001fca0        0xe /usr/bin/../lib/gcc/arm-none-eabi/5.3.1/../../../../arm-none-eabi/lib/armv6-m/libc_nano.a(lib_a-strlen.o)
                0x000000000001fca0                strlen
 .text._realloc_r
                0x000000000001fcae       0x4c /usr/bin/../lib/gcc/arm-none-eabi/5.3.1/../../../../arm-none-eabi/lib/armv6-m/libc_nano.a(lib_a-nano-reallocr.o)
                0x000000000001fcae                _realloc_r
 .text._malloc_usable_size_r
                0x000000000001fcfa       0x16 /usr/bin/../lib/gcc/arm-none-eabi/5.3.1/../../../../arm-none-eabi/lib/armv6-m/libc_nano.a(lib_a-nano-msizer.o)
                0x000000000001fcfa                _malloc_usable_size_r
 .text._sbrk    0x000000000001fd10       0x1c /usr/bin/../lib/gcc/arm-none-eabi/5.3.1/../../../../arm-none-eabi/lib/armv6-m/libnosys.a(sbrk.o)
                0x000000000001fd10                _sbrk
 .text._exit    0x000000000001fd2c        0x4 /usr/bin/../lib/gcc/arm-none-eabi/5.3.1/../../../../arm-none-eabi/lib/armv6-m/libnosys.a(_exit.o)
                0x000000000001fd2c                _exit
 *(.init)
 .init          0x000000000001fd30        0x4 /usr/bin/../lib/gcc/arm-none-eabi/5.3.1/armv6-m/crti.o
                0x000000000001fd30                _init
 .init          0x000000000001fd34        0x8 /usr/bin/../lib/gcc/arm-none-eabi/5.3.1/armv6-m/crtn.o
 *(.fini)
 .fini          0x000000000001fd3c        0x4 /usr/bin/../lib/gcc/arm-none-eabi/5.3.1/armv6-m/crti.o
                0x000000000001fd3c                _fini
 .fini          0x000000000001fd40        0x8 /usr/bin/../lib/gcc/arm-none-eabi/5.3.1/armv6-m/crtn.o
 *crtbegin.o(.ctors)
 *crtbegin?.o(.ctors)
 *(EXCLUDE_FILE(*crtend.o *crtend?.o) .ctors)
 *(SORT(.ctors.*))
 *(.ctors)
 *crtbegin.o(.dtors)
 *crtbegin?.o(.dtors)
 *(EXCLUDE_FILE(*crtend.o *crtend?.o) .dtors)
 *(SORT(.dtors.*))
 *(.dtors)
 *(.rodata*)
 .rodata.maskMakers
                0x000000000001fd48       0x20 _build/mask.o
 .rodata.formatInfo
                0x000000000001fd68       0x80 _build/qrspec.o
 .rodata.lengthTableBits
                0x000000000001fde8       0x30 _build/qrspec.o
 .rodata.eccTable
                0x000000000001fe18      0x520 _build/qrspec.o
 .rodata.finder.6042
                0x0000000000020338       0x31 _build/qrspec.o
 *fill*         0x0000000000020369        0x3 
 .rodata.qrspecCapacity
                0x000000000002036c      0x47c _build/qrspec.o
 .rodata.versionPattern
                0x00000000000207e8       0x88 _build/qrspec.o
 .rodata.finder.5997
                0x0000000000020870       0x19 _build/qrspec.o
 *fill*         0x0000000000020889        0x3 
 .rodata.alignmentPattern
                0x000000000002088c      0x148 _build/qrspec.o
 .rodata.maskMakers
                0x00000000000209d4       0x10 _build/mmask.o
 .rodata.str1.1
                0x00000000000209e4       0x19 _build/main.o
 *fill*         0x00000000000209fd        0x3 
 .rodata.formatInfo
                0x0000000000020a00       0x80 _build/mqrspec.o
 .rodata.typeTable
                0x0000000000020a80       0x3c _build/mqrspec.o
 .rodata.finder.5925
                0x0000000000020abc       0x31 _build/mqrspec.o
 *fill*         0x0000000000020aed        0x3 
 .rodata.lengthTableBits
                0x0000000000020af0       0x40 _build/mqrspec.o
 .rodata.mqrspecCapacity
                0x0000000000020b30       0x64 _build/mqrspec.o
 .rodata.QRinput_anTable
                0x0000000000020b94       0x80 _build/qrinput.o
                0x0000000000020b94                QRinput_anTable
 .rodata.m_conn_params_timer_id
                0x0000000000020c14        0x4 _build/ble_conn_params.o
 .rodata        0x0000000000020c18        0x4 _build/simple_ble.o
 .rodata.SLAVE_LATENCY
                0x0000000000020c1c        0x4 _build/simple_ble.o
                0x0000000000020c1c                SLAVE_LATENCY
 .rodata.CONN_SUP_TIMEOUT
                0x0000000000020c20        0x4 _build/simple_ble.o
                0x0000000000020c20                CONN_SUP_TIMEOUT
 .rodata.FIRST_CONN_PARAMS_UPDATE_DELAY
                0x0000000000020c24        0x4 _build/simple_ble.o
                0x0000000000020c24                FIRST_CONN_PARAMS_UPDATE_DELAY
 .rodata.m_default_config
                0x0000000000020c28       0x10 _build/nrf_drv_spi.o
 .rodata        0x0000000000020c38        0x4 _build/eddystone.o
 .rodata        0x0000000000020c3c       0x10 _build/tcmp441.o
 .rodata.str1.1
                0x0000000000020c4c        0x2 /usr/bin/../lib/gcc/arm-none-eabi/5.3.1/../../../../arm-none-eabi/lib/armv6-m/libc_nano.a(lib_a-impure.o)
 *fill*         0x0000000000020c4e        0x2 
 .rodata._global_impure_ptr
                0x0000000000020c50        0x4 /usr/bin/../lib/gcc/arm-none-eabi/5.3.1/../../../../arm-none-eabi/lib/armv6-m/libc_nano.a(lib_a-impure.o)
                0x0000000000020c50                _global_impure_ptr
 *(.eh_frame*)
 .eh_frame      0x0000000000020c54        0x0 /usr/bin/../lib/gcc/arm-none-eabi/5.3.1/armv6-m/crtbegin.o
 .eh_frame      0x0000000000020c54        0x4 /usr/bin/../lib/gcc/arm-none-eabi/5.3.1/armv6-m/crtend.o

.glue_7         0x0000000000020c58        0x0
 .glue_7        0x0000000000020c58        0x0 linker stubs

.glue_7t        0x0000000000020c58        0x0
 .glue_7t       0x0000000000020c58        0x0 linker stubs

.vfp11_veneer   0x0000000000020c58        0x0
 .vfp11_veneer  0x0000000000020c58        0x0 linker stubs

.v4_bx          0x0000000000020c58        0x0
 .v4_bx         0x0000000000020c58        0x0 linker stubs

.iplt           0x0000000000020c58        0x0
 .iplt          0x0000000000020c58        0x0 /usr/bin/../lib/gcc/arm-none-eabi/5.3.1/armv6-m/crtbegin.o

.ARM.extab
 *(.ARM.extab* .gnu.linkonce.armextab.*)
                0x0000000000020c58                __exidx_start = .

.ARM.exidx      0x0000000000020c58        0x8
 *(.ARM.exidx* .gnu.linkonce.armexidx.*)
 .ARM.exidx     0x0000000000020c58        0x8 /usr/bin/../lib/gcc/arm-none-eabi/5.3.1/../../../../arm-none-eabi/lib/armv6-m/crt0.o
                0x0000000000020c60                __exidx_end = .
                0x0000000000020c60                __etext = .

.rel.dyn        0x0000000000020c60        0x0
 .rel.iplt      0x0000000000020c60        0x0 /usr/bin/../lib/gcc/arm-none-eabi/5.3.1/armv6-m/crtbegin.o

.data           0x0000000020002800     0x3f88 load address 0x0000000000020c60
                0x0000000020002800                __data_start__ = .
 *(vtable)
 *(.data*)
 .data.qrcode_char
                0x0000000020002800        0xa _build/main.o
 .data.text_scale_char
                0x000000002000280a        0xa _build/main.o
 .data.text_y_coordinate_char
                0x0000000020002814        0xa _build/main.o
 .data.text_char
                0x000000002000281e        0xa _build/main.o
 .data.text_x_coordinate_char
                0x0000000020002828        0xa _build/main.o
 .data.led_service
                0x0000000020002832       0x16 _build/main.o
 .data.text_scale_value
                0x0000000020002848        0x1 _build/main.o
 *fill*         0x0000000020002849        0x3 
 .data.ble_config
                0x000000002000284c       0x10 _build/main.o
 .data.m_sec_params
                0x000000002000285c        0x5 _build/simple_ble.o
                0x000000002000285c                m_sec_params
 .data.font8x8_basic
                0x0000000020002861      0x400 _build/tcmp441.o
                0x0000000020002861                font8x8_basic
 .data.screen   0x0000000020002c61     0x3a98 _build/tcmp441.o
                0x0000000020002c61                screen
 *fill*         0x00000000200066f9        0x3 
 .data.nTC_CS   0x00000000200066fc        0x4 _build/tcmp441.o
                0x00000000200066fc                nTC_CS
 .data.LED0     0x0000000020006700        0x4 _build/tcmp441.o
                0x0000000020006700                LED0
 .data.nTC_BUSY
                0x0000000020006704        0x4 _build/tcmp441.o
                0x0000000020006704                nTC_BUSY
 .data.nTC_EN   0x0000000020006708        0x4 _build/tcmp441.o
                0x0000000020006708                nTC_EN
 .data._spi     0x000000002000670c        0x8 _build/tcmp441.o
 .data.LED1     0x0000000020006714        0x4 _build/tcmp441.o
                0x0000000020006714                LED1
 .data.LED2     0x0000000020006718        0x4 _build/tcmp441.o
                0x0000000020006718                LED2
 .data.tx       0x000000002000671c        0x6 _build/tcmp441.o
                0x000000002000671c                tx
 *fill*         0x0000000020006722        0x2 
 .data.impure_data
                0x0000000020006724       0x60 /usr/bin/../lib/gcc/arm-none-eabi/5.3.1/../../../../arm-none-eabi/lib/armv6-m/libc_nano.a(lib_a-impure.o)
 .data._impure_ptr
                0x0000000020006784        0x4 /usr/bin/../lib/gcc/arm-none-eabi/5.3.1/../../../../arm-none-eabi/lib/armv6-m/libc_nano.a(lib_a-impure.o)
                0x0000000020006784                _impure_ptr
                0x0000000020006788                . = ALIGN (0x4)
                0x0000000020006788                PROVIDE (__preinit_array_start, .)
 *(.preinit_array)
                0x0000000020006788                PROVIDE (__preinit_array_end, .)
                0x0000000020006788                . = ALIGN (0x4)
                0x0000000020006788                PROVIDE (__init_array_start, .)
 *(SORT(.init_array.*))
 *(.init_array)
                0x0000000020006788                PROVIDE (__init_array_end, .)
                0x0000000020006788                . = ALIGN (0x4)
                [!provide]                        PROVIDE (__fini_array_start, .)
 *(SORT(.fini_array.*))
 *(.fini_array)
                [!provide]                        PROVIDE (__fini_array_end, .)
                0x0000000020006788                . = ALIGN (0x4)
                0x0000000020006788                __data_end__ = .

.igot.plt       0x0000000020006788        0x0 load address 0x0000000000024be8
 .igot.plt      0x0000000020006788        0x0 /usr/bin/../lib/gcc/arm-none-eabi/5.3.1/armv6-m/crtbegin.o

.bss            0x0000000020006788      0xb48 load address 0x0000000000024be8
                0x0000000020006788                __bss_start__ = .
 *(.bss*)
 .bss.text_x_coordinate_value
                0x0000000020006788        0x2 _build/main.o
 .bss.qrcode_value
                0x000000002000678a       0x34 _build/main.o
 .bss.text_y_coordinate_value
                0x00000000200067be        0x2 _build/main.o
 .bss.text_value
                0x00000000200067c0       0x1e _build/main.o
 .bss.generator
                0x00000000200067de      0x383 _build/rsecc.o
 .bss.generatorInitialized
                0x0000000020006b61       0x1d _build/rsecc.o
 .bss.alpha     0x0000000020006b7e      0x100 _build/rsecc.o
 *fill*         0x0000000020006c7e        0x2 
 .bss.initialized
                0x0000000020006c80        0x4 _build/rsecc.o
 .bss.aindex    0x0000000020006c84      0x100 _build/rsecc.o
 .bss.m_softdevice_enabled
                0x0000000020006d84        0x1 _build/softdevice_handler.o
 *fill*         0x0000000020006d85        0x1 
 .bss.m_ble_evt_buffer_size
                0x0000000020006d86        0x2 _build/softdevice_handler.o
 .bss.mp_ble_evt_buffer
                0x0000000020006d88        0x4 _build/softdevice_handler.o
 .bss.m_sys_evt_handler
                0x0000000020006d8c        0x4 _build/softdevice_handler.o
 .bss.m_ble_evt_handler
                0x0000000020006d90        0x4 _build/softdevice_handler.o
 .bss.m_evt_schedule_func
                0x0000000020006d94        0x4 _build/softdevice_handler.o
 .bss.m_change_param
                0x0000000020006d98        0x1 _build/ble_conn_params.o
 *fill*         0x0000000020006d99        0x1 
 .bss.m_current_conn_params
                0x0000000020006d9a        0x8 _build/ble_conn_params.o
 .bss.m_update_count
                0x0000000020006da2        0x1 _build/ble_conn_params.o
 *fill*         0x0000000020006da3        0x1 
 .bss.m_conn_params_config
                0x0000000020006da4       0x1c _build/ble_conn_params.o
 .bss.m_conn_params_timer_id_data
                0x0000000020006dc0       0x20 _build/ble_conn_params.o
 .bss.m_conn_handle
                0x0000000020006de0        0x2 _build/ble_conn_params.o
 .bss.m_preferred_conn_params
                0x0000000020006de2        0x8 _build/ble_conn_params.o
 *fill*         0x0000000020006dea        0x2 
 .bss.m_ticks_latest
                0x0000000020006dec        0x4 _build/app_timer.o
 .bss.mp_timer_id_head
                0x0000000020006df0        0x4 _build/app_timer.o
 .bss.m_evt_schedule_func
                0x0000000020006df4        0x4 _build/app_timer.o
 .bss.m_user_array_size
                0x0000000020006df8        0x1 _build/app_timer.o
 *fill*         0x0000000020006df9        0x3 
 .bss.mp_users  0x0000000020006dfc        0x4 _build/app_timer.o
 .bss.m_ticks_elapsed_q_read_ind
                0x0000000020006e00        0x1 _build/app_timer.o
 .bss.m_ticks_elapsed_q_write_ind
                0x0000000020006e01        0x1 _build/app_timer.o
 .bss.m_rtc1_reset
                0x0000000020006e02        0x1 _build/app_timer.o
 *fill*         0x0000000020006e03        0x1 
 .bss.m_ticks_elapsed
                0x0000000020006e04        0x8 _build/app_timer.o
 .bss.m_rtc1_running
                0x0000000020006e0c        0x1 _build/app_timer.o
 *fill*         0x0000000020006e0d        0x3 
 .bss.APP_TIMER_BUF.8659
                0x0000000020006e10      0x2e8 _build/simple_ble.o
 .bss.BLE_EVT_BUFFER.8625
                0x00000000200070f8       0x48 _build/simple_ble.o
 .bss.ble_config
                0x0000000020007140        0x4 _build/simple_ble.o
 .bss.m_cb      0x0000000020007144       0x20 _build/nrf_drv_spi.o
 .bss.m_cb      0x0000000020007164       0x38 _build/nrf_drv_gpiote.o
 .bss.rx        0x000000002000719c      0x100 _build/tcmp441.o
                0x000000002000719c                rx
 .bss.__malloc_sbrk_start
                0x000000002000729c        0x4 /usr/bin/../lib/gcc/arm-none-eabi/5.3.1/../../../../arm-none-eabi/lib/armv6-m/libc_nano.a(lib_a-nano-mallocr.o)
                0x000000002000729c                __malloc_sbrk_start
 .bss.__malloc_free_list
                0x00000000200072a0        0x4 /usr/bin/../lib/gcc/arm-none-eabi/5.3.1/../../../../arm-none-eabi/lib/armv6-m/libc_nano.a(lib_a-nano-mallocr.o)
                0x00000000200072a0                __malloc_free_list
 .bss.heap_end.4167
                0x00000000200072a4        0x4 /usr/bin/../lib/gcc/arm-none-eabi/5.3.1/../../../../arm-none-eabi/lib/armv6-m/libnosys.a(sbrk.o)
 *(COMMON)
 COMMON         0x00000000200072a8        0x8 _build/softdevice_handler.o
                0x00000000200072a8                nrf_nvic_state
 COMMON         0x00000000200072b0       0x1a _build/simple_ble.o
                0x00000000200072b0                m_adv_params
                0x00000000200072c8                app
 *fill*         0x00000000200072ca        0x2 
 COMMON         0x00000000200072cc        0x4 /usr/bin/../lib/gcc/arm-none-eabi/5.3.1/../../../../arm-none-eabi/lib/armv6-m/libc_nano.a(lib_a-reent.o)
                0x00000000200072cc                errno
                0x00000000200072d0                __bss_end__ = .

.heap           0x00000000200072d0      0x100
                0x00000000200072d0                __end__ = .
                0x00000000200072d0                end = __end__
 *(.heap*)
 .heap          0x00000000200072d0      0x100 _build/startup_nrf51.os
                0x00000000200072d0                __HeapBase
                0x00000000200073d0                __HeapLimit = .

.stack_dummy    0x00000000200072d0      0xc00
 *(.stack)
 .stack         0x00000000200072d0      0xc00 _build/startup_nrf51.os
                0x0000000020008000                __StackTop = (ORIGIN (RAM) + LENGTH (RAM))
                0x0000000020007400                __StackLimit = (__StackTop - SIZEOF (.stack_dummy))
                0x0000000020008000                PROVIDE (__stack, __StackTop)
                0x0000000000000001                ASSERT ((__StackLimit >= __HeapLimit), region RAM overflowed with stack)
OUTPUT(_build/eink-advanced_s130.elf elf32-littlearm)

.ARM.attributes
                0x0000000000000000       0x28
 .ARM.attributes
                0x0000000000000000       0x1e /usr/bin/../lib/gcc/arm-none-eabi/5.3.1/armv6-m/crti.o
 .ARM.attributes
                0x000000000000001e       0x2c /usr/bin/../lib/gcc/arm-none-eabi/5.3.1/armv6-m/crtbegin.o
 .ARM.attributes
                0x000000000000004a       0x1b /usr/bin/../lib/gcc/arm-none-eabi/5.3.1/../../../../arm-none-eabi/lib/armv6-m/crt0.o
 .ARM.attributes
                0x0000000000000065       0x1b _build/startup_nrf51.os
 .ARM.attributes
                0x0000000000000080       0x31 _build/system_nrf51.o
 .ARM.attributes
                0x00000000000000b1       0x31 _build/mask.o
 .ARM.attributes
                0x00000000000000e2       0x31 _build/qrspec.o
 .ARM.attributes
                0x0000000000000113       0x31 _build/qrencode.o
 .ARM.attributes
                0x0000000000000144       0x31 _build/mmask.o
 .ARM.attributes
                0x0000000000000175       0x31 _build/main.o
 .ARM.attributes
                0x00000000000001a6       0x31 _build/mqrspec.o
 .ARM.attributes
                0x00000000000001d7       0x31 _build/qrinput.o
 .ARM.attributes
                0x0000000000000208       0x31 _build/bitstream.o
 .ARM.attributes
                0x0000000000000239       0x31 _build/rsecc.o
 .ARM.attributes
                0x000000000000026a       0x31 _build/softdevice_handler.o
 .ARM.attributes
                0x000000000000029b       0x31 _build/ble_advdata.o
 .ARM.attributes
                0x00000000000002cc       0x31 _build/ble_conn_params.o
 .ARM.attributes
                0x00000000000002fd       0x31 _build/app_timer.o
 .ARM.attributes
                0x000000000000032e       0x31 _build/app_error.o
 .ARM.attributes
                0x000000000000035f       0x31 _build/led.o
 .ARM.attributes
                0x0000000000000390       0x31 _build/simple_ble.o
 .ARM.attributes
                0x00000000000003c1       0x31 _build/simple_adv.o
 .ARM.attributes
                0x00000000000003f2       0x31 _build/nrf_drv_spi.o
 .ARM.attributes
                0x0000000000000423       0x31 _build/nrf_drv_common.o
 .ARM.attributes
                0x0000000000000454       0x31 _build/nrf_drv_gpiote.o
 .ARM.attributes
                0x0000000000000485       0x31 _build/nrf_delay.o
 .ARM.attributes
                0x00000000000004b6       0x31 _build/eddystone.o
 .ARM.attributes
                0x00000000000004e7       0x31 _build/tcmp441.o
 .ARM.attributes
                0x0000000000000518       0x1e /usr/bin/../lib/gcc/arm-none-eabi/5.3.1/armv6-m/libgcc.a(_thumb1_case_uqi.o)
 .ARM.attributes
                0x0000000000000536       0x1e /usr/bin/../lib/gcc/arm-none-eabi/5.3.1/armv6-m/libgcc.a(_thumb1_case_uhi.o)
 .ARM.attributes
                0x0000000000000554       0x1e /usr/bin/../lib/gcc/arm-none-eabi/5.3.1/armv6-m/libgcc.a(_divsi3.o)
 .ARM.attributes
                0x0000000000000572       0x1e /usr/bin/../lib/gcc/arm-none-eabi/5.3.1/armv6-m/libgcc.a(_dvmd_tls.o)
 .ARM.attributes
                0x0000000000000590       0x2c /usr/bin/../lib/gcc/arm-none-eabi/5.3.1/../../../../arm-none-eabi/lib/armv6-m/libc_nano.a(lib_a-calloc.o)
 .ARM.attributes
                0x00000000000005bc       0x2c /usr/bin/../lib/gcc/arm-none-eabi/5.3.1/../../../../arm-none-eabi/lib/armv6-m/libc_nano.a(lib_a-errno.o)
 .ARM.attributes
                0x00000000000005e8       0x2c /usr/bin/../lib/gcc/arm-none-eabi/5.3.1/../../../../arm-none-eabi/lib/armv6-m/libc_nano.a(lib_a-exit.o)
 .ARM.attributes
                0x0000000000000614       0x2c /usr/bin/../lib/gcc/arm-none-eabi/5.3.1/../../../../arm-none-eabi/lib/armv6-m/libc_nano.a(lib_a-impure.o)
 .ARM.attributes
                0x0000000000000640       0x2c /usr/bin/../lib/gcc/arm-none-eabi/5.3.1/../../../../arm-none-eabi/lib/armv6-m/libc_nano.a(lib_a-init.o)
 .ARM.attributes
                0x000000000000066c       0x2c /usr/bin/../lib/gcc/arm-none-eabi/5.3.1/../../../../arm-none-eabi/lib/armv6-m/libc_nano.a(lib_a-malloc.o)
 .ARM.attributes
                0x0000000000000698       0x2c /usr/bin/../lib/gcc/arm-none-eabi/5.3.1/../../../../arm-none-eabi/lib/armv6-m/libc_nano.a(lib_a-memcpy-stub.o)
 .ARM.attributes
                0x00000000000006c4       0x2c /usr/bin/../lib/gcc/arm-none-eabi/5.3.1/../../../../arm-none-eabi/lib/armv6-m/libc_nano.a(lib_a-memmove.o)
 .ARM.attributes
                0x00000000000006f0       0x2c /usr/bin/../lib/gcc/arm-none-eabi/5.3.1/../../../../arm-none-eabi/lib/armv6-m/libc_nano.a(lib_a-memset.o)
 .ARM.attributes
                0x000000000000071c       0x2c /usr/bin/../lib/gcc/arm-none-eabi/5.3.1/../../../../arm-none-eabi/lib/armv6-m/libc_nano.a(lib_a-nano-callocr.o)
 .ARM.attributes
                0x0000000000000748       0x2c /usr/bin/../lib/gcc/arm-none-eabi/5.3.1/../../../../arm-none-eabi/lib/armv6-m/libc_nano.a(lib_a-nano-freer.o)
 .ARM.attributes
                0x0000000000000774       0x2c /usr/bin/../lib/gcc/arm-none-eabi/5.3.1/../../../../arm-none-eabi/lib/armv6-m/libc_nano.a(lib_a-nano-mallocr.o)
 .ARM.attributes
                0x00000000000007a0       0x2c /usr/bin/../lib/gcc/arm-none-eabi/5.3.1/../../../../arm-none-eabi/lib/armv6-m/libc_nano.a(lib_a-realloc.o)
 .ARM.attributes
                0x00000000000007cc       0x2c /usr/bin/../lib/gcc/arm-none-eabi/5.3.1/../../../../arm-none-eabi/lib/armv6-m/libc_nano.a(lib_a-sbrkr.o)
 .ARM.attributes
                0x00000000000007f8       0x1c /usr/bin/../lib/gcc/arm-none-eabi/5.3.1/../../../../arm-none-eabi/lib/armv6-m/libc_nano.a(lib_a-strlen.o)
 .ARM.attributes
                0x0000000000000814       0x2c /usr/bin/../lib/gcc/arm-none-eabi/5.3.1/../../../../arm-none-eabi/lib/armv6-m/libc_nano.a(lib_a-nano-reallocr.o)
 .ARM.attributes
                0x0000000000000840       0x2c /usr/bin/../lib/gcc/arm-none-eabi/5.3.1/../../../../arm-none-eabi/lib/armv6-m/libc_nano.a(lib_a-reent.o)
 .ARM.attributes
                0x000000000000086c       0x2c /usr/bin/../lib/gcc/arm-none-eabi/5.3.1/../../../../arm-none-eabi/lib/armv6-m/libc_nano.a(lib_a-nano-msizer.o)
 .ARM.attributes
                0x0000000000000898       0x2c /usr/bin/../lib/gcc/arm-none-eabi/5.3.1/armv6-m/crtend.o
 .ARM.attributes
                0x00000000000008c4       0x1e /usr/bin/../lib/gcc/arm-none-eabi/5.3.1/armv6-m/crtn.o
 .ARM.attributes
                0x00000000000008e2       0x2c /usr/bin/../lib/gcc/arm-none-eabi/5.3.1/../../../../arm-none-eabi/lib/armv6-m/libnosys.a(sbrk.o)
 .ARM.attributes
                0x000000000000090e       0x2c /usr/bin/../lib/gcc/arm-none-eabi/5.3.1/../../../../arm-none-eabi/lib/armv6-m/libnosys.a(_exit.o)

.comment        0x0000000000000000       0x6e
 .comment       0x0000000000000000       0x6e _build/system_nrf51.o
                                         0x6f (size before relaxing)
 .comment       0x000000000000006e       0x6f _build/mask.o
 .comment       0x000000000000006e       0x6f _build/qrspec.o
 .comment       0x000000000000006e       0x6f _build/qrencode.o
 .comment       0x000000000000006e       0x6f _build/mmask.o
 .comment       0x000000000000006e       0x6f _build/main.o
 .comment       0x000000000000006e       0x6f _build/mqrspec.o
 .comment       0x000000000000006e       0x6f _build/qrinput.o
 .comment       0x000000000000006e       0x6f _build/bitstream.o
 .comment       0x000000000000006e       0x6f _build/rsecc.o
 .comment       0x000000000000006e       0x6f _build/softdevice_handler.o
 .comment       0x000000000000006e       0x6f _build/ble_advdata.o
 .comment       0x000000000000006e       0x6f _build/ble_conn_params.o
 .comment       0x000000000000006e       0x6f _build/app_timer.o
 .comment       0x000000000000006e       0x6f _build/app_error.o
 .comment       0x000000000000006e       0x6f _build/led.o
 .comment       0x000000000000006e       0x6f _build/simple_ble.o
 .comment       0x000000000000006e       0x6f _build/simple_adv.o
 .comment       0x000000000000006e       0x6f _build/nrf_drv_spi.o
 .comment       0x000000000000006e       0x6f _build/nrf_drv_common.o
 .comment       0x000000000000006e       0x6f _build/nrf_drv_gpiote.o
 .comment       0x000000000000006e       0x6f _build/nrf_delay.o
 .comment       0x000000000000006e       0x6f _build/eddystone.o
 .comment       0x000000000000006e       0x6f _build/tcmp441.o

.debug_frame    0x0000000000000000      0x31c
 .debug_frame   0x0000000000000000       0x20 /usr/bin/../lib/gcc/arm-none-eabi/5.3.1/armv6-m/libgcc.a(_divsi3.o)
 .debug_frame   0x0000000000000020       0x28 /usr/bin/../lib/gcc/arm-none-eabi/5.3.1/../../../../arm-none-eabi/lib/armv6-m/libc_nano.a(lib_a-calloc.o)
 .debug_frame   0x0000000000000048       0x20 /usr/bin/../lib/gcc/arm-none-eabi/5.3.1/../../../../arm-none-eabi/lib/armv6-m/libc_nano.a(lib_a-errno.o)
 .debug_frame   0x0000000000000068       0x28 /usr/bin/../lib/gcc/arm-none-eabi/5.3.1/../../../../arm-none-eabi/lib/armv6-m/libc_nano.a(lib_a-exit.o)
 .debug_frame   0x0000000000000090       0x2c /usr/bin/../lib/gcc/arm-none-eabi/5.3.1/../../../../arm-none-eabi/lib/armv6-m/libc_nano.a(lib_a-init.o)
 .debug_frame   0x00000000000000bc       0x40 /usr/bin/../lib/gcc/arm-none-eabi/5.3.1/../../../../arm-none-eabi/lib/armv6-m/libc_nano.a(lib_a-malloc.o)
 .debug_frame   0x00000000000000fc       0x28 /usr/bin/../lib/gcc/arm-none-eabi/5.3.1/../../../../arm-none-eabi/lib/armv6-m/libc_nano.a(lib_a-memcpy-stub.o)
 .debug_frame   0x0000000000000124       0x28 /usr/bin/../lib/gcc/arm-none-eabi/5.3.1/../../../../arm-none-eabi/lib/armv6-m/libc_nano.a(lib_a-memmove.o)
 .debug_frame   0x000000000000014c       0x20 /usr/bin/../lib/gcc/arm-none-eabi/5.3.1/../../../../arm-none-eabi/lib/armv6-m/libc_nano.a(lib_a-memset.o)
 .debug_frame   0x000000000000016c       0x2c /usr/bin/../lib/gcc/arm-none-eabi/5.3.1/../../../../arm-none-eabi/lib/armv6-m/libc_nano.a(lib_a-nano-callocr.o)
 .debug_frame   0x0000000000000198       0x2c /usr/bin/../lib/gcc/arm-none-eabi/5.3.1/../../../../arm-none-eabi/lib/armv6-m/libc_nano.a(lib_a-nano-freer.o)
 .debug_frame   0x00000000000001c4       0x2c /usr/bin/../lib/gcc/arm-none-eabi/5.3.1/../../../../arm-none-eabi/lib/armv6-m/libc_nano.a(lib_a-nano-mallocr.o)
 .debug_frame   0x00000000000001f0       0x28 /usr/bin/../lib/gcc/arm-none-eabi/5.3.1/../../../../arm-none-eabi/lib/armv6-m/libc_nano.a(lib_a-realloc.o)
 .debug_frame   0x0000000000000218       0x2c /usr/bin/../lib/gcc/arm-none-eabi/5.3.1/../../../../arm-none-eabi/lib/armv6-m/libc_nano.a(lib_a-sbrkr.o)
 .debug_frame   0x0000000000000244       0x30 /usr/bin/../lib/gcc/arm-none-eabi/5.3.1/../../../../arm-none-eabi/lib/armv6-m/libc_nano.a(lib_a-nano-reallocr.o)
 .debug_frame   0x0000000000000274       0x48 /usr/bin/../lib/gcc/arm-none-eabi/5.3.1/../../../../arm-none-eabi/lib/armv6-m/libc_nano.a(lib_a-reent.o)
 .debug_frame   0x00000000000002bc       0x20 /usr/bin/../lib/gcc/arm-none-eabi/5.3.1/../../../../arm-none-eabi/lib/armv6-m/libc_nano.a(lib_a-nano-msizer.o)
 .debug_frame   0x00000000000002dc       0x20 /usr/bin/../lib/gcc/arm-none-eabi/5.3.1/../../../../arm-none-eabi/lib/armv6-m/libnosys.a(sbrk.o)
 .debug_frame   0x00000000000002fc       0x20 /usr/bin/../lib/gcc/arm-none-eabi/5.3.1/../../../../arm-none-eabi/lib/armv6-m/libnosys.a(_exit.o)
